Archive member included to satisfy reference by file (symbol)

c:/program files (x86)/atmel/studio/7.0/toolchain/avr8/avr8-gnu-toolchain/bin/../lib/gcc/avr/5.4.0/avrxmega3\libgcc.a(_udivmodhi4.o)
                              cryptoauthlib/lib/atcacert/atcacert_client.o (__udivmodhi4)
c:/program files (x86)/atmel/studio/7.0/toolchain/avr8/avr8-gnu-toolchain/bin/../lib/gcc/avr/5.4.0/avrxmega3\libgcc.a(_divmodhi4.o)
                              cryptoauthlib/lib/atcacert/atcacert_date.o (__divmodhi4)
c:/program files (x86)/atmel/studio/7.0/toolchain/avr8/avr8-gnu-toolchain/bin/../lib/gcc/avr/5.4.0/avrxmega3\libgcc.a(_udivmodsi4.o)
                              cryptoauthlib/lib/atcacert/atcacert_date.o (__udivmodsi4)
c:/program files (x86)/atmel/studio/7.0/toolchain/avr8/avr8-gnu-toolchain/bin/../lib/gcc/avr/5.4.0/avrxmega3\libgcc.a(_exit.o)
                              C:/Program Files (x86)/Atmel/Studio/7.0/Packs/Atmel/ATmega_DFP/1.3.300/gcc/dev/atmega4808/avrxmega3/crtatmega4808.o (exit)
c:/program files (x86)/atmel/studio/7.0/toolchain/avr8/avr8-gnu-toolchain/bin/../lib/gcc/avr/5.4.0/avrxmega3\libgcc.a(_tablejump2.o)
                              cryptoauthlib/lib/atcacert/atcacert_def.o (__tablejump2__)
c:/program files (x86)/atmel/studio/7.0/toolchain/avr8/avr8-gnu-toolchain/bin/../lib/gcc/avr/5.4.0/avrxmega3\libgcc.a(_copy_data.o)
                              cert_def_3_device_csr.o (__do_copy_data)
c:/program files (x86)/atmel/studio/7.0/toolchain/avr8/avr8-gnu-toolchain/bin/../lib/gcc/avr/5.4.0/avrxmega3\libgcc.a(_clear_bss.o)
                              cert_def_1_signer.o (__do_clear_bss)
c:/program files (x86)/atmel/studio/7.0/toolchain/avr8/avr8-gnu-toolchain/bin/../lib/gcc/avr/5.4.0/avrxmega3\libgcc.a(_bswapsi2.o)
                              cryptoauthlib/lib/atcacert/atcacert_date.o (__bswapsi2)
c:/program files (x86)/atmel/studio/7.0/toolchain/avr8/avr8-gnu-toolchain/bin/../lib/gcc/avr/5.4.0/avrxmega3\libgcc.a(_usmulhisi3.o)
                              cryptoauthlib/lib/atcacert/atcacert_date.o (__usmulhisi3)
c:/program files (x86)/atmel/studio/7.0/toolchain/avr8/avr8-gnu-toolchain/bin/../lib/gcc/avr/5.4.0/avrxmega3\libgcc.a(_muluhisi3.o)
                              cryptoauthlib/lib/atcacert/atcacert_date.o (__muluhisi3)
c:/program files (x86)/atmel/studio/7.0/toolchain/avr8/avr8-gnu-toolchain/bin/../lib/gcc/avr/5.4.0/avrxmega3\libgcc.a(_mulshisi3.o)
                              cryptoauthlib/lib/atcacert/atcacert_date.o (__mulshisi3)
c:/program files (x86)/atmel/studio/7.0/toolchain/avr8/avr8-gnu-toolchain/bin/../lib/gcc/avr/5.4.0/avrxmega3\libgcc.a(_umulhisi3.o)
                              c:/program files (x86)/atmel/studio/7.0/toolchain/avr8/avr8-gnu-toolchain/bin/../lib/gcc/avr/5.4.0/avrxmega3\libgcc.a(_usmulhisi3.o) (__umulhisi3)
c:/program files (x86)/atmel/studio/7.0/toolchain/avr8/avr8-gnu-toolchain/bin/../lib/gcc/avr/5.4.0/../../../../avr/lib/avrxmega3\libc.a(malloc.o)
                              cryptoauthlib/lib/atca_command.o (malloc)
c:/program files (x86)/atmel/studio/7.0/toolchain/avr8/avr8-gnu-toolchain/bin/../lib/gcc/avr/5.4.0/../../../../avr/lib/avrxmega3\libc.a(memcmp.o)
                              cryptoauthlib/lib/atca_command.o (memcmp)
c:/program files (x86)/atmel/studio/7.0/toolchain/avr8/avr8-gnu-toolchain/bin/../lib/gcc/avr/5.4.0/../../../../avr/lib/avrxmega3\libc.a(memcpy.o)
                              convertions.o (memcpy)
c:/program files (x86)/atmel/studio/7.0/toolchain/avr8/avr8-gnu-toolchain/bin/../lib/gcc/avr/5.4.0/../../../../avr/lib/avrxmega3\libc.a(memmove.o)
                              cryptoauthlib/lib/atcacert/atcacert_client.o (memmove)
c:/program files (x86)/atmel/studio/7.0/toolchain/avr8/avr8-gnu-toolchain/bin/../lib/gcc/avr/5.4.0/../../../../avr/lib/avrxmega3\libc.a(memset.o)
                              cryptoauthlib/lib/atcacert/atcacert_client.o (memset)
c:/program files (x86)/atmel/studio/7.0/toolchain/avr8/avr8-gnu-toolchain/bin/../lib/gcc/avr/5.4.0/../../../../avr/lib/avrxmega3\libc.a(strcat.o)
                              winc_certs_functions.o (strcat)
c:/program files (x86)/atmel/studio/7.0/toolchain/avr8/avr8-gnu-toolchain/bin/../lib/gcc/avr/5.4.0/../../../../avr/lib/avrxmega3\libc.a(strchr.o)
                              cryptoauthlib/lib/jwt/atca_jwt.o (strchr)
c:/program files (x86)/atmel/studio/7.0/toolchain/avr8/avr8-gnu-toolchain/bin/../lib/gcc/avr/5.4.0/../../../../avr/lib/avrxmega3\libc.a(strcmp.o)
                              main.o (strcmp)
c:/program files (x86)/atmel/studio/7.0/toolchain/avr8/avr8-gnu-toolchain/bin/../lib/gcc/avr/5.4.0/../../../../avr/lib/avrxmega3\libc.a(strcpy.o)
                              cryptoauthlib/lib/basic/atca_basic.o (strcpy)
c:/program files (x86)/atmel/studio/7.0/toolchain/avr8/avr8-gnu-toolchain/bin/../lib/gcc/avr/5.4.0/../../../../avr/lib/avrxmega3\libc.a(strncmp.o)
                              examples/src/spi_basic_example.o (strncmp)
[...]
Memory Configuration

Name             Origin             Length             Attributes
text             0x00000000         0x00100000         xr
data             0x00802000         0x0000ffa0         rw !x
eeprom           0x00810000         0x00010000         rw !x
fuse             0x00820000         0x00000009         rw !x
lock             0x00830000         0x00000400         rw !x
signature        0x00840000         0x00000400         rw !x
user_signatures  0x00850000         0x00000400         rw !x
*default*        0x00000000         0xffffffff

Linker script and memory map

Address of section .data set to 0x802800
                0x00004000                __RODATA_PM_OFFSET__ = 0x4000
LOAD C:/Program Files (x86)/Atmel/Studio/7.0/Packs/Atmel/ATmega_DFP/1.3.300/gcc/dev/atmega4808/avrxmega3/crtatmega4808.o
LOAD atmel_start.o
LOAD cert_def_1_signer.o
LOAD cert_def_2_device.o
LOAD cert_def_3_device_csr.o
LOAD convertions.o
LOAD cryptoauthlib/lib/atcacert/atcacert_client.o
LOAD cryptoauthlib/lib/atcacert/atcacert_date.o
LOAD cryptoauthlib/lib/atcacert/atcacert_def.o
LOAD cryptoauthlib/lib/atcacert/atcacert_der.o
LOAD cryptoauthlib/lib/atcacert/atcacert_host_hw.o
LOAD cryptoauthlib/lib/atcacert/atcacert_host_sw.o
LOAD cryptoauthlib/lib/atca_cfgs.o
LOAD cryptoauthlib/lib/atca_command.o
LOAD cryptoauthlib/lib/atca_device.o
LOAD cryptoauthlib/lib/atca_execution.o
LOAD cryptoauthlib/lib/atca_iface.o
LOAD cryptoauthlib/lib/basic/atca_basic.o
LOAD cryptoauthlib/lib/basic/atca_basic_aes.o
LOAD cryptoauthlib/lib/basic/atca_basic_checkmac.o
LOAD cryptoauthlib/lib/basic/atca_basic_counter.o
LOAD cryptoauthlib/lib/basic/atca_basic_derivekey.o
LOAD cryptoauthlib/lib/basic/atca_basic_ecdh.o
LOAD cryptoauthlib/lib/basic/atca_basic_gendig.o
LOAD cryptoauthlib/lib/basic/atca_basic_genkey.o
LOAD cryptoauthlib/lib/basic/atca_basic_hmac.o
LOAD cryptoauthlib/lib/basic/atca_basic_info.o
LOAD cryptoauthlib/lib/basic/atca_basic_kdf.o
LOAD cryptoauthlib/lib/basic/atca_basic_lock.o
LOAD cryptoauthlib/lib/basic/atca_basic_mac.o
LOAD cryptoauthlib/lib/basic/atca_basic_nonce.o
LOAD cryptoauthlib/lib/basic/atca_basic_privwrite.o
LOAD cryptoauthlib/lib/basic/atca_basic_random.o
LOAD cryptoauthlib/lib/basic/atca_basic_read.o
LOAD cryptoauthlib/lib/basic/atca_basic_secureboot.o
LOAD cryptoauthlib/lib/basic/atca_basic_selftest.o
LOAD cryptoauthlib/lib/basic/atca_basic_sha.o
LOAD cryptoauthlib/lib/basic/atca_basic_sign.o
LOAD cryptoauthlib/lib/basic/atca_basic_updateextra.o
LOAD cryptoauthlib/lib/basic/atca_basic_verify.o
LOAD cryptoauthlib/lib/basic/atca_basic_write.o
LOAD cryptoauthlib/lib/basic/atca_helpers.o
LOAD cryptoauthlib/lib/crypto/atca_crypto_sw_ecdsa.o
LOAD cryptoauthlib/lib/crypto/atca_crypto_sw_rand.o
LOAD cryptoauthlib/lib/crypto/atca_crypto_sw_sha1.o
LOAD cryptoauthlib/lib/crypto/atca_crypto_sw_sha2.o
LOAD cryptoauthlib/lib/crypto/hashes/sha1_routines.o
LOAD cryptoauthlib/lib/crypto/hashes/sha2_routines.o
LOAD cryptoauthlib/lib/hal/atca_hal.o
LOAD cryptoauthlib/lib/hal/hal_atmega4809_i2c.o
LOAD cryptoauthlib/lib/hal/hal_atmega4809_timer.o
LOAD cryptoauthlib/lib/host/atca_host.o
LOAD cryptoauthlib/lib/jwt/atca_jwt.o
LOAD cryptoauthlib/lib/tls/atcatls.o
LOAD cryptoauthlib/lib/tls/atcatls_cfg.o
LOAD cryptoauthlib_main.o
LOAD driver_isr.o
LOAD examples/src/spi_basic_example.o
LOAD main.o
LOAD src/bod.o
LOAD src/clkctrl.o
LOAD src/cpuint.o
LOAD src/driver_init.o
LOAD src/i2c_master.o
LOAD src/i2c_simple_master.o
LOAD src/i2c_types.o
LOAD src/protected_io.o
LOAD src/slpctrl.o
LOAD src/spi_basic.o
LOAD src/usart_basic.o
LOAD winc/bsp/source/nm_bsp_mega.o
LOAD winc/bus_wrapper/source/nm_bus_wrapper_mega.o
LOAD winc/common/source/nm_common.o
LOAD winc/driver/source/m2m_ate_mode.o
LOAD winc/driver/source/m2m_crypto.o
LOAD winc/driver/source/m2m_hif.o
LOAD winc/driver/source/m2m_ota.o
LOAD winc/driver/source/m2m_periph.o
LOAD winc/driver/source/m2m_ssl.o
LOAD winc/driver/source/m2m_wifi.o
LOAD winc/driver/source/nmasic.o
LOAD winc/driver/source/nmbus.o
LOAD winc/driver/source/nmdrv.o
LOAD winc/driver/source/nmi2c.o
LOAD winc/driver/source/nmspi.o
LOAD winc/driver/source/nmuart.o
LOAD winc/socket/source/socket.o
LOAD winc/spi_flash/source/spi_flash.o
LOAD winc_certs_functions.o
START GROUP
LOAD c:/program files (x86)/atmel/studio/7.0/toolchain/avr8/avr8-gnu-toolchain/bin/../lib/gcc/avr/5.4.0/../../../../avr/lib/avrxmega3\libm.a
END GROUP
START GROUP
LOAD c:/program files (x86)/atmel/studio/7.0/toolchain/avr8/avr8-gnu-toolchain/bin/../lib/gcc/avr/5.4.0/avrxmega3\libgcc.a
LOAD c:/program files (x86)/atmel/studio/7.0/toolchain/avr8/avr8-gnu-toolchain/bin/../lib/gcc/avr/5.4.0/../../../../avr/lib/avrxmega3\libm.a
LOAD c:/program files (x86)/atmel/studio/7.0/toolchain/avr8/avr8-gnu-toolchain/bin/../lib/gcc/avr/5.4.0/../../../../avr/lib/avrxmega3\libc.a
LOAD C:/Program Files (x86)/Atmel/Studio/7.0/Packs/Atmel/ATmega_DFP/1.3.300/gcc/dev/atmega4808/avrxmega3\libatmega4808.a
END GROUP
                0x00000000                __TEXT_REGION_ORIGIN__ = DEFINED (__TEXT_REGION_ORIGIN__)?__TEXT_REGION_ORIGIN__:0x0
                0x00802000                __DATA_REGION_ORIGIN__ = DEFINED (__DATA_REGION_ORIGIN__)?__DATA_REGION_ORIGIN__:0x802000
                0x00100000                __TEXT_REGION_LENGTH__ = DEFINED (__TEXT_REGION_LENGTH__)?__TEXT_REGION_LENGTH__:0x100000
                0x0000ffa0                __DATA_REGION_LENGTH__ = DEFINED (__DATA_REGION_LENGTH__)?__DATA_REGION_LENGTH__:0xffa0
                0x00010000                __EEPROM_REGION_LENGTH__ = DEFINED (__EEPROM_REGION_LENGTH__)?__EEPROM_REGION_LENGTH__:0x10000
                [0x00000009]                __FUSE_REGION_LENGTH__ = DEFINED (__FUSE_REGION_LENGTH__)?__FUSE_REGION_LENGTH__:0x400
                0x00000400                __LOCK_REGION_LENGTH__ = DEFINED (__LOCK_REGION_LENGTH__)?__LOCK_REGION_LENGTH__:0x400
                0x00000400                __SIGNATURE_REGION_LENGTH__ = DEFINED (__SIGNATURE_REGION_LENGTH__)?__SIGNATURE_REGION_LENGTH__:0x400
                0x00000400                __USER_SIGNATURE_REGION_LENGTH__ = DEFINED (__USER_SIGNATURE_REGION_LENGTH__)?__USER_SIGNATURE_REGION_LENGTH__:0x400
                0x00008000                __RODATA_PM_OFFSET__ = DEFINED (__RODATA_PM_OFFSET__)?__RODATA_PM_OFFSET__:0x8000

.hash
 *(.hash)

.dynsym
 *(.dynsym)

.dynstr
 *(.dynstr)

.gnu.version
 *(.gnu.version)

.gnu.version_d
 *(.gnu.version_d)

.gnu.version_r
 *(.gnu.version_r)

.rel.init
 *(.rel.init)

.rela.init
 *(.rela.init)

.rel.text
 *(.rel.text)
 *(.rel.text.*)
 *(.rel.gnu.linkonce.t*)

.rela.text
 *(.rela.text)
 *(.rela.text.*)
 *(.rela.gnu.linkonce.t*)

.rel.fini
 *(.rel.fini)

.rela.fini
 *(.rela.fini)

.rel.rodata
 *(.rel.rodata)
 *(.rel.rodata.*)
 *(.rel.gnu.linkonce.r*)

.rela.rodata
 *(.rela.rodata)
 *(.rela.rodata.*)
 *(.rela.gnu.linkonce.r*)

.rel.data
 *(.rel.data)
 *(.rel.data.*)
 *(.rel.gnu.linkonce.d*)

.rela.data
 *(.rela.data)
 *(.rela.data.*)
 *(.rela.gnu.linkonce.d*)

.rel.ctors
 *(.rel.ctors)

.rela.ctors
 *(.rela.ctors)

.rel.dtors
 *(.rel.dtors)

.rela.dtors
 *(.rela.dtors)

.rel.got
 *(.rel.got)

.rela.got
 *(.rela.got)

.rel.bss
 *(.rel.bss)

.rela.bss
 *(.rela.bss)

.rel.plt
 *(.rel.plt)

.rela.plt
 *(.rela.plt)

.text           0x00000000     0x635e
 *(.vectors)
 .vectors       0x00000000       0x90 C:/Program Files (x86)/Atmel/Studio/7.0/Packs/Atmel/ATmega_DFP/1.3.300/gcc/dev/atmega4808/avrxmega3/crtatmega4808.o
                0x00000000                __vector_default
                0x00000000                __vectors
 *(.vectors)
 *(.progmem.gcc*)
 .progmem.gcc_sw_table.hif_register_cb
                0x00000090        0xe winc/driver/source/m2m_hif.o
 .progmem.gcc_sw_table.spi_cmd
                0x0000009e       0x1e winc/driver/source/nmspi.o
                0x000000bc                . = ALIGN (0x2)
                0x000000bc                __trampolines_start = .
 *(.trampolines)
 .trampolines   0x000000bc        0x0 linker stubs
 *(.trampolines*)
                0x000000bc                __trampolines_end = .
 *libprintf_flt.a:*(.progmem.data)
 *libc.a:*(.progmem.data)
 *(.progmem*)
 .progmem.data.crc7_syndrome_table
                0x000000bc      0x100 winc/driver/source/nmspi.o
                0x000001bc                . = ALIGN (0x2)
 *(.jumptables)
 *(.jumptables*)
 *(.lowtext)
 *(.lowtext*)
                0x000001bc                __ctors_start = .
 *(.ctors)
                0x000001bc                __ctors_end = .
                0x000001bc                __dtors_start = .
 *(.dtors)
                0x000001bc                __dtors_end = .
 SORT(*)(.ctors)
 SORT(*)(.dtors)
 *(.init0)
 .init0         0x000001bc        0x0 C:/Program Files (x86)/Atmel/Studio/7.0/Packs/Atmel/ATmega_DFP/1.3.300/gcc/dev/atmega4808/avrxmega3/crtatmega4808.o
                0x000001bc                __init
 *(.init0)
 *(.init1)
 *(.init1)
 *(.init2)
 .init2         0x000001bc        0xc C:/Program Files (x86)/Atmel/Studio/7.0/Packs/Atmel/ATmega_DFP/1.3.300/gcc/dev/atmega4808/avrxmega3/crtatmega4808.o
 *(.init2)
 *(.init3)
 *(.init3)
 *(.init4)
 .init4         0x000001c8       0x16 c:/program files (x86)/atmel/studio/7.0/toolchain/avr8/avr8-gnu-toolchain/bin/../lib/gcc/avr/5.4.0/avrxmega3\libgcc.a(_copy_data.o)
                0x000001c8                __do_copy_data
 .init4         0x000001de       0x10 c:/program files (x86)/atmel/studio/7.0/toolchain/avr8/avr8-gnu-toolchain/bin/../lib/gcc/avr/5.4.0/avrxmega3\libgcc.a(_clear_bss.o)
                0x000001de                __do_clear_bss
 *(.init4)
 *(.init5)
 *(.init5)
 *(.init6)
 *(.init6)
 *(.init7)
 *(.init7)
 *(.init8)
 *(.init8)
 *(.init9)
 .init9         0x000001ee        0x8 C:/Program Files (x86)/Atmel/Studio/7.0/Packs/Atmel/ATmega_DFP/1.3.300/gcc/dev/atmega4808/avrxmega3/crtatmega4808.o
 *(.init9)
 *(.text)
 .text          0x000001f6        0x4 C:/Program Files (x86)/Atmel/Studio/7.0/Packs/Atmel/ATmega_DFP/1.3.300/gcc/dev/atmega4808/avrxmega3/crtatmega4808.o
                0x000001f6                __vector_22
                0x000001f6                __vector_28
                0x000001f6                __vector_1
                0x000001f6                __vector_32
                0x000001f6                __vector_34
                0x000001f6                __vector_24
                0x000001f6                __vector_12
                0x000001f6                __bad_interrupt
                0x000001f6                __vector_6
                0x000001f6                __vector_31
                0x000001f6                __vector_35
                0x000001f6                __vector_3
                0x000001f6                __vector_23
                0x000001f6                __vector_30
                0x000001f6                __vector_25
                0x000001f6                __vector_11
                0x000001f6                __vector_13
                0x000001f6                __vector_17
                0x000001f6                __vector_19
                0x000001f6                __vector_7
                0x000001f6                __vector_27
                0x000001f6                __vector_5
                0x000001f6                __vector_33
                0x000001f6                __vector_4
                0x000001f6                __vector_9
                0x000001f6                __vector_2
                0x000001f6                __vector_21
                0x000001f6                __vector_8
                0x000001f6                __vector_26
                0x000001f6                __vector_14
                0x000001f6                __vector_10
                0x000001f6                __vector_16
                0x000001f6                __vector_18
                0x000001f6                __vector_20
                0x000001fa                . = ALIGN (0x2)
 *(.text.*)
 .text.atmel_start_init
                0x000001fa        0x4 atmel_start.o
                0x000001fa                atmel_start_init
 .text.kit_protocol_convert_hex_to_nibble
                0x000001fe       0x28 convertions.o
 .text.CONVERTIONS_hexToBinary
                0x00000226       0x78 convertions.o
                0x00000226                CONVERTIONS_hexToBinary
 .text.CONVERTIONS_binaryToHex
                0x0000029e       0xba convertions.o
                0x0000029e                CONVERTIONS_binaryToHex
 .text.atcacert_create_csr
                0x00000358      0x17c cryptoauthlib/lib/atcacert/atcacert_client.o
                0x00000358                atcacert_create_csr
 .text.get_effective_offset
                0x000004d4       0x42 cryptoauthlib/lib/atcacert/atcacert_def.o
 .text.atcacert_get_tbs
                0x00000516       0x9c cryptoauthlib/lib/atcacert/atcacert_def.o
                0x00000516                atcacert_get_tbs
 .text.atcacert_get_tbs_digest
                0x000005b2       0x6a cryptoauthlib/lib/atcacert/atcacert_def.o
                0x000005b2                atcacert_get_tbs_digest
 .text.atcacert_set_cert_element
                0x0000061c       0xbc cryptoauthlib/lib/atcacert/atcacert_def.o
                0x0000061c                atcacert_set_cert_element
 .text.atcacert_set_signature
                0x000006d8      0x160 cryptoauthlib/lib/atcacert/atcacert_def.o
                0x000006d8                atcacert_set_signature
 .text.atcacert_get_cert_element
                0x00000838       0x9e cryptoauthlib/lib/atcacert/atcacert_def.o
                0x00000838                atcacert_get_cert_element
 .text.atcacert_get_subj_public_key
                0x000008d6       0x3e cryptoauthlib/lib/atcacert/atcacert_def.o
                0x000008d6                atcacert_get_subj_public_key
 .text.atcacert_get_subj_key_id
                0x00000914       0x3e cryptoauthlib/lib/atcacert/atcacert_def.o
                0x00000914                atcacert_get_subj_key_id
 .text.atcacert_get_cert_sn
                0x00000952       0x60 cryptoauthlib/lib/atcacert/atcacert_def.o
                0x00000952                atcacert_get_cert_sn
 .text.atcacert_der_enc_length
                0x000009b2       0xe0 cryptoauthlib/lib/atcacert/atcacert_der.o
                0x000009b2                atcacert_der_enc_length
 .text.atcacert_der_dec_length
                0x00000a92      0x13a cryptoauthlib/lib/atcacert/atcacert_der.o
                0x00000a92                atcacert_der_dec_length
 .text.atcacert_der_adjust_length
                0x00000bcc       0xfe cryptoauthlib/lib/atcacert/atcacert_der.o
                0x00000bcc                atcacert_der_adjust_length
 .text.atcacert_der_enc_integer
                0x00000cca      0x16e cryptoauthlib/lib/atcacert/atcacert_der.o
                0x00000cca                atcacert_der_enc_integer
 .text.atcacert_der_enc_ecdsa_sig_value
                0x00000e38      0x12c cryptoauthlib/lib/atcacert/atcacert_der.o
                0x00000e38                atcacert_der_enc_ecdsa_sig_value
 .text.initATCACommand
                0x00000f64       0x10 cryptoauthlib/lib/atca_command.o
                0x00000f64                initATCACommand
 .text.deleteATCACommand
                0x00000f74        0x2 cryptoauthlib/lib/atca_command.o
                0x00000f74                deleteATCACommand
 .text.atCRC    0x00000f76       0x5a cryptoauthlib/lib/atca_command.o
                0x00000f76                atCRC
 .text.atCalcCrc
                0x00000fd0       0x18 cryptoauthlib/lib/atca_command.o
                0x00000fd0                atCalcCrc
 .text.atGenKey
                0x00000fe8       0x1e cryptoauthlib/lib/atca_command.o
                0x00000fe8                atGenKey
 .text.atNonce  0x00001006       0x32 cryptoauthlib/lib/atca_command.o
                0x00001006                atNonce
 .text.atRandom
                0x00001038       0x14 cryptoauthlib/lib/atca_command.o
                0x00001038                atRandom
 .text.atRead   0x0000104c       0x14 cryptoauthlib/lib/atca_command.o
                0x0000104c                atRead
 .text.atSign   0x00001060       0x14 cryptoauthlib/lib/atca_command.o
                0x00001060                atSign
 .text.atCheckCrc
                0x00001074       0x5a cryptoauthlib/lib/atca_command.o
                0x00001074                atCheckCrc
 .text.isATCAError
                0x000010ce       0xa4 cryptoauthlib/lib/atca_command.o
                0x000010ce                isATCAError
 .text.initATCADevice
                0x00001172       0x5e cryptoauthlib/lib/atca_device.o
                0x00001172                initATCADevice
 .text.atGetCommands
                0x000011d0        0x8 cryptoauthlib/lib/atca_device.o
                0x000011d0                atGetCommands
 .text.atGetIFace
                0x000011d8        0x8 cryptoauthlib/lib/atca_device.o
                0x000011d8                atGetIFace
 .text.deleteATCADevice
                0x000011e0       0x32 cryptoauthlib/lib/atca_device.o
                0x000011e0                deleteATCADevice
 .text.atGetExecTime
                0x00001212       0x9c cryptoauthlib/lib/atca_execution.o
                0x00001212                atGetExecTime
 .text.atca_execute_command
                0x000012ae       0xf4 cryptoauthlib/lib/atca_execution.o
                0x000012ae                atca_execute_command
 .text.atsend   0x000013a2        0xc cryptoauthlib/lib/atca_iface.o
                0x000013a2                atsend
 .text.atreceive
                0x000013ae        0xc cryptoauthlib/lib/atca_iface.o
                0x000013ae                atreceive
 .text.atwake   0x000013ba        0xc cryptoauthlib/lib/atca_iface.o
                0x000013ba                atwake
 .text.atidle   0x000013c6       0x22 cryptoauthlib/lib/atca_iface.o
                0x000013c6                atidle
 .text.deleteATCAIface
                0x000013e8       0x22 cryptoauthlib/lib/atca_iface.o
                0x000013e8                deleteATCAIface
 .text._atinit  0x0000140a       0x62 cryptoauthlib/lib/atca_iface.o
                0x0000140a                _atinit
 .text.atinit   0x0000146c       0x5e cryptoauthlib/lib/atca_iface.o
                0x0000146c                atinit
 .text.initATCAIface
                0x000014ca       0x32 cryptoauthlib/lib/atca_iface.o
                0x000014ca                initATCAIface
 .text.atcab_init
                0x000014fc       0x80 cryptoauthlib/lib/basic/atca_basic.o
                0x000014fc                atcab_init
 .text.atcab_release
                0x0000157c        0xc cryptoauthlib/lib/basic/atca_basic.o
                0x0000157c                atcab_release
 .text.atcab_init_device
                0x00001588       0x44 cryptoauthlib/lib/basic/atca_basic.o
                0x00001588                atcab_init_device
 .text.atcab_get_addr
                0x000015cc       0x58 cryptoauthlib/lib/basic/atca_basic.o
                0x000015cc                atcab_get_addr
 .text.atcab_get_zone_size
                0x00001624       0x82 cryptoauthlib/lib/basic/atca_basic.o
                0x00001624                atcab_get_zone_size
 .text.atcab_genkey_base
                0x000016a6       0x9c cryptoauthlib/lib/basic/atca_basic_genkey.o
                0x000016a6                atcab_genkey_base
 .text.atcab_get_pubkey
                0x00001742        0xe cryptoauthlib/lib/basic/atca_basic_genkey.o
                0x00001742                atcab_get_pubkey
 .text.atcab_nonce_base
                0x00001750       0xaa cryptoauthlib/lib/basic/atca_basic_nonce.o
                0x00001750                atcab_nonce_base
 .text.atcab_nonce_load
                0x000017fa       0x26 cryptoauthlib/lib/basic/atca_basic_nonce.o
                0x000017fa                atcab_nonce_load
 .text.atcab_random
                0x00001820       0x7c cryptoauthlib/lib/basic/atca_basic_random.o
                0x00001820                atcab_random
 .text.atcab_read_zone
                0x0000189c       0xc8 cryptoauthlib/lib/basic/atca_basic_read.o
                0x0000189c                atcab_read_zone
 .text.atcab_read_serial_number
                0x00001964       0x76 cryptoauthlib/lib/basic/atca_basic_read.o
                0x00001964                atcab_read_serial_number
 .text.atcab_read_pubkey
                0x000019da       0xd2 cryptoauthlib/lib/basic/atca_basic_read.o
                0x000019da                atcab_read_pubkey
 .text.atcab_read_bytes_zone
                0x00001aac      0x18c cryptoauthlib/lib/basic/atca_basic_read.o
                0x00001aac                atcab_read_bytes_zone
 .text.atcab_sign_base
                0x00001c38       0x84 cryptoauthlib/lib/basic/atca_basic_sign.o
                0x00001c38                atcab_sign_base
 .text.atcab_sign
                0x00001cbc       0x76 cryptoauthlib/lib/basic/atca_basic_sign.o
                0x00001cbc                atcab_sign
 .text.atcac_sw_sha2_256
                0x00001d32       0x62 cryptoauthlib/lib/crypto/atca_crypto_sw_sha2.o
                0x00001d32                atcac_sw_sha2_256
 .text.sw_sha256_process
                0x00001d94      0x896 cryptoauthlib/lib/crypto/hashes/sha2_routines.o
 .text.sw_sha256_init
                0x0000262a       0x30 cryptoauthlib/lib/crypto/hashes/sha2_routines.o
                0x0000262a                sw_sha256_init
 .text.sw_sha256_update
                0x0000265a      0x170 cryptoauthlib/lib/crypto/hashes/sha2_routines.o
                0x0000265a                sw_sha256_update
 .text.sw_sha256_final
                0x000027ca      0x17e cryptoauthlib/lib/crypto/hashes/sha2_routines.o
                0x000027ca                sw_sha256_final
 .text.hal_iface_init
                0x00002948       0x56 cryptoauthlib/lib/hal/atca_hal.o
                0x00002948                hal_iface_init
 .text.hal_iface_release
                0x0000299e        0xe cryptoauthlib/lib/hal/atca_hal.o
                0x0000299e                hal_iface_release
 .text.hal_i2c_init
                0x000029ac        0x8 cryptoauthlib/lib/hal/hal_atmega4809_i2c.o
                0x000029ac                hal_i2c_init
 .text.hal_i2c_post_init
                0x000029b4        0x4 cryptoauthlib/lib/hal/hal_atmega4809_i2c.o
                0x000029b4                hal_i2c_post_init
 .text.hal_i2c_send
                0x000029b8       0x14 cryptoauthlib/lib/hal/hal_atmega4809_i2c.o
                0x000029b8                hal_i2c_send
 .text.hal_i2c_receive
                0x000029cc       0x10 cryptoauthlib/lib/hal/hal_atmega4809_i2c.o
                0x000029cc                hal_i2c_receive
 .text.hal_i2c_idle
                0x000029dc       0x28 cryptoauthlib/lib/hal/hal_atmega4809_i2c.o
                0x000029dc                hal_i2c_idle
 .text.hal_i2c_sleep
                0x00002a04       0x28 cryptoauthlib/lib/hal/hal_atmega4809_i2c.o
                0x00002a04                hal_i2c_sleep
 .text.I2C_0_wake_up
                0x00002a2c       0x44 cryptoauthlib/lib/hal/hal_atmega4809_i2c.o
                0x00002a2c                I2C_0_wake_up
 .text.hal_i2c_wake
                0x00002a70       0x82 cryptoauthlib/lib/hal/hal_atmega4809_i2c.o
                0x00002a70                hal_i2c_wake
 .text.hal_i2c_release
                0x00002af2        0x4 cryptoauthlib/lib/hal/hal_atmega4809_i2c.o
                0x00002af2                hal_i2c_release
 .text.atca_delay_ms
                0x00002af6       0x22 cryptoauthlib/lib/hal/hal_atmega4809_timer.o
                0x00002af6                atca_delay_ms
 .text.atcatls_get_sn
                0x00002b18        0x4 cryptoauthlib/lib/tls/atcatls.o
                0x00002b18                atcatls_get_sn
 .text.cryptoauthlib_init
                0x00002b1c       0x18 cryptoauthlib_main.o
                0x00002b1c                cryptoauthlib_init
 .text.startup.main
                0x00002b34      0x2a0 main.o
                0x00002b34                main
 .text.BOD_init
                0x00002dd4        0x4 src/bod.o
                0x00002dd4                BOD_init
 .text.CLKCTRL_init
                0x00002dd8       0x10 src/clkctrl.o
                0x00002dd8                CLKCTRL_init
 .text.CPUINT_init
                0x00002de8        0x4 src/cpuint.o
                0x00002de8                CPUINT_init
 .text.mcu_init
                0x00002dec       0x6e src/driver_init.o
                0x00002dec                mcu_init
 .text.USART_0_initialization
                0x00002e5a       0x14 src/driver_init.o
                0x00002e5a                USART_0_initialization
 .text.SPI_0_initialization
                0x00002e6e       0x18 src/driver_init.o
                0x00002e6e                SPI_0_initialization
 .text.I2C_0_initialization
                0x00002e86       0x38 src/driver_init.o
                0x00002e86                I2C_0_initialization
 .text.system_init
                0x00002ebe       0x74 src/driver_init.o
                0x00002ebe                system_init
 .text.I2C_0_do_I2C_RESET
                0x00002f32       0x20 src/i2c_master.o
 .text.I2C_0_do_I2C_IDLE
                0x00002f52       0x10 src/i2c_master.o
 .text.I2C_0_do_I2C_SEND_STOP
                0x00002f62       0x1a src/i2c_master.o
 .text.I2C_0_do_I2C_SEND_ADR_READ
                0x00002f7c       0x18 src/i2c_master.o
 .text.I2C_0_do_I2C_SEND_RESTART
                0x00002f94        0x4 src/i2c_master.o
 .text.I2C_0_do_I2C_SEND_ADR_WRITE
                0x00002f98       0x16 src/i2c_master.o
 .text.I2C_0_do_I2C_SEND_RESTART_WRITE
                0x00002fae        0x4 src/i2c_master.o
 .text.I2C_0_do_I2C_DO_ADDRESS_NACK
                0x00002fb2       0x36 src/i2c_master.o
 .text.I2C_0_do_I2C_RX_DO_ACK
                0x00002fe8        0xe src/i2c_master.o
 .text.I2C_0_do_I2C_TX_DO_ACK
                0x00002ff6        0xe src/i2c_master.o
 .text.I2C_0_do_I2C_DO_NACK_STOP
                0x00003004       0x20 src/i2c_master.o
 .text.I2C_0_do_I2C_DO_NACK_RESTART
                0x00003024        0xe src/i2c_master.o
 .text.I2C_0_do_I2C_BUS_COLLISION
                0x00003032       0x36 src/i2c_master.o
 .text.I2C_0_do_I2C_BUS_ERROR
                0x00003068       0x22 src/i2c_master.o
 .text.I2C_0_master_isr
                0x0000308a       0x58 src/i2c_master.o
 .text.I2C_0_return_stop
                0x000030e2        0x4 src/i2c_master.o
 .text.I2C_0_return_reset
                0x000030e6        0x4 src/i2c_master.o
 .text.I2C_0_set_callback
                0x000030ea       0x3e src/i2c_master.o
 .text.I2C_0_do_I2C_TX
                0x00003128       0x70 src/i2c_master.o
 .text.I2C_0_do_I2C_RX
                0x00003198       0xa4 src/i2c_master.o
 .text.I2C_0_do_I2C_TX_EMPTY
                0x0000323c       0x5c src/i2c_master.o
 .text.I2C_0_do_I2C_SEND_RESTART_READ
                0x00003298        0x4 src/i2c_master.o
 .text.I2C_0_set_data_complete_callback
                0x0000329c        0xa src/i2c_master.o
                0x0000329c                I2C_0_set_data_complete_callback
 .text.I2C_0_set_address_nack_callback
                0x000032a6        0xa src/i2c_master.o
                0x000032a6                I2C_0_set_address_nack_callback
 .text.I2C_0_init
                0x000032b0       0x10 src/i2c_master.o
                0x000032b0                I2C_0_init
 .text.I2C_0_open
                0x000032c0       0xb2 src/i2c_master.o
                0x000032c0                I2C_0_open
 .text.I2C_0_close
                0x00003372       0x4a src/i2c_master.o
                0x00003372                I2C_0_close
 .text.I2C_0_set_buffer
                0x000033bc       0x24 src/i2c_master.o
                0x000033bc                I2C_0_set_buffer
 .text.I2C_0_master_operation
                0x000033e0       0x28 src/i2c_master.o
                0x000033e0                I2C_0_master_operation
 .text.I2C_0_master_read
                0x00003408        0x6 src/i2c_master.o
                0x00003408                I2C_0_master_read
 .text.I2C_0_master_write
                0x0000340e        0x6 src/i2c_master.o
                0x0000340e                I2C_0_master_write
 .text.__vector_15
                0x00003414       0x48 src/i2c_master.o
                0x00003414                __vector_15
 .text.I2C_0_writeNBytes
                0x0000345c       0x46 src/i2c_simple_master.o
                0x0000345c                I2C_0_writeNBytes
 .text.I2C_0_readNBytes
                0x000034a2       0x3a src/i2c_simple_master.o
                0x000034a2                I2C_0_readNBytes
 .text.i2c_cb_return_stop
                0x000034dc        0x4 src/i2c_types.o
                0x000034dc                i2c_cb_return_stop
 .text.i2c_cb_restart_write
                0x000034e0        0x4 src/i2c_types.o
                0x000034e0                i2c_cb_restart_write
 .text.protected_write_io
                0x000034e4        0x8 src/protected_io.o
                0x000034e4                protected_write_io
 .text.SLPCTRL_init
                0x000034ec        0x4 src/slpctrl.o
                0x000034ec                SLPCTRL_init
 .text.SPI_0_init
                0x000034f0        0xc src/spi_basic.o
                0x000034f0                SPI_0_init
 .text.SPI_0_enable
                0x000034fc        0xc src/spi_basic.o
                0x000034fc                SPI_0_enable
 .text.SPI_0_exchange_byte
                0x00003508       0x1c src/spi_basic.o
                0x00003508                SPI_0_exchange_byte
 .text.USART_0_init
                0x00003524       0x20 src/usart_basic.o
                0x00003524                USART_0_init
 .text.USART_0_read
                0x00003544        0xe src/usart_basic.o
                0x00003544                USART_0_read
 .text.USART_0_write
                0x00003552        0xe src/usart_basic.o
                0x00003552                USART_0_write
 .text.USART_0_printCHAR
                0x00003560        0xa src/usart_basic.o
                0x00003560                USART_0_printCHAR
 .text.CONF_WIFI_M2M_INT_PIN_set_isc
                0x0000356a        0xe winc/bsp/source/nm_bsp_mega.o
 .text.__vector_29
                0x00003578       0x5a winc/bsp/source/nm_bsp_mega.o
                0x00003578                __vector_29
 .text.nm_bsp_sleep
                0x000035d2       0x22 winc/bsp/source/nm_bsp_mega.o
                0x000035d2                nm_bsp_sleep
 .text.nm_bsp_reset
                0x000035f4       0x2c winc/bsp/source/nm_bsp_mega.o
                0x000035f4                nm_bsp_reset
 .text.nm_bsp_init
                0x00003620       0x18 winc/bsp/source/nm_bsp_mega.o
                0x00003620                nm_bsp_init
 .text.nm_bsp_register_isr
                0x00003638       0x20 winc/bsp/source/nm_bsp_mega.o
                0x00003638                nm_bsp_register_isr
 .text.nm_bsp_interrupt_ctrl
                0x00003658        0xe winc/bsp/source/nm_bsp_mega.o
                0x00003658                nm_bsp_interrupt_ctrl
 .text.nm_bus_init
                0x00003666       0x2a winc/bus_wrapper/source/nm_bus_wrapper_mega.o
                0x00003666                nm_bus_init
 .text.nm_bus_ioctl
                0x00003690       0xa4 winc/bus_wrapper/source/nm_bus_wrapper_mega.o
                0x00003690                nm_bus_ioctl
 .text.nm_bus_deinit
                0x00003734        0x4 winc/bus_wrapper/source/nm_bus_wrapper_mega.o
                0x00003734                nm_bus_deinit
 .text.m2m_memcpy
                0x00003738       0x20 winc/common/source/nm_common.o
                0x00003738                m2m_memcpy
 .text.m2m_memset
                0x00003758       0x1c winc/common/source/nm_common.o
                0x00003758                m2m_memset
 .text.m2m_strlen
                0x00003774       0x12 winc/common/source/nm_common.o
                0x00003774                m2m_strlen
 .text.isr      0x00003786        0xc winc/driver/source/m2m_hif.o
 .text.m2m_hif_cb
                0x00003792        0x2 winc/driver/source/m2m_hif.o
 .text.hif_set_rx_done
                0x00003794       0x5a winc/driver/source/m2m_hif.o
 .text.hif_chip_wake
                0x000037ee       0x32 winc/driver/source/m2m_hif.o
                0x000037ee                hif_chip_wake
 .text.hif_chip_sleep_sc
                0x00003820       0x16 winc/driver/source/m2m_hif.o
                0x00003820                hif_chip_sleep_sc
 .text.hif_chip_sleep
                0x00003836       0x28 winc/driver/source/m2m_hif.o
                0x00003836                hif_chip_sleep
 .text.hif_init
                0x0000385e       0x2a winc/driver/source/m2m_hif.o
                0x0000385e                hif_init
 .text.hif_send
                0x00003888      0x316 winc/driver/source/m2m_hif.o
                0x00003888                hif_send
 .text.hif_receive
                0x00003b9e      0x13a winc/driver/source/m2m_hif.o
                0x00003b9e                hif_receive
 .text.hif_register_cb
                0x00003cd8       0x60 winc/driver/source/m2m_hif.o
                0x00003cd8                hif_register_cb
 .text.m2m_ssl_send_certs_to_winc
                0x00003d38       0x32 winc/driver/source/m2m_ssl.o
                0x00003d38                m2m_ssl_send_certs_to_winc
 .text.m2m_wifi_cb
                0x00003d6a      0x314 winc/driver/source/m2m_wifi.o
 .text.m2m_wifi_init
                0x0000407e       0x78 winc/driver/source/m2m_wifi.o
                0x0000407e                m2m_wifi_init
 .text.chip_apply_conf
                0x000040f6       0x72 winc/driver/source/nmasic.o
                0x000040f6                chip_apply_conf
 .text.enable_interrupts
                0x00004168       0x94 winc/driver/source/nmasic.o
                0x00004168                enable_interrupts
 .text.nmi_get_chipid
                0x000041fc      0x15a winc/driver/source/nmasic.o
                0x000041fc                nmi_get_chipid
 .text.chip_sleep
                0x00004356       0xb4 winc/driver/source/nmasic.o
                0x00004356                chip_sleep
 .text.chip_wake
                0x0000440a       0xfc winc/driver/source/nmasic.o
                0x0000440a                chip_wake
 .text.wait_for_bootrom
                0x00004506      0x11a winc/driver/source/nmasic.o
                0x00004506                wait_for_bootrom
 .text.wait_for_firmware_start
                0x00004620       0xe6 winc/driver/source/nmasic.o
                0x00004620                wait_for_firmware_start
 .text.chip_deinit
                0x00004706       0x58 winc/driver/source/nmasic.o
                0x00004706                chip_deinit
 .text.nm_bus_iface_init
                0x0000475e        0x4 winc/driver/source/nmbus.o
                0x0000475e                nm_bus_iface_init
 .text.nm_bus_iface_deinit
                0x00004762        0x4 winc/driver/source/nmbus.o
                0x00004762                nm_bus_iface_deinit
 .text.nm_bus_reset
                0x00004766        0x4 winc/driver/source/nmbus.o
                0x00004766                nm_bus_reset
 .text.nm_read_reg
                0x0000476a        0x4 winc/driver/source/nmbus.o
                0x0000476a                nm_read_reg
 .text.nm_read_reg_with_ret
                0x0000476e        0x4 winc/driver/source/nmbus.o
                0x0000476e                nm_read_reg_with_ret
 .text.nm_write_reg
                0x00004772        0x4 winc/driver/source/nmbus.o
                0x00004772                nm_write_reg
 .text.nm_read_block
                0x00004776       0xfa winc/driver/source/nmbus.o
                0x00004776                nm_read_block
 .text.nm_write_block
                0x00004870       0xfa winc/driver/source/nmbus.o
                0x00004870                nm_write_block
 .text.nm_get_firmware_full_info
                0x0000496a      0x13a winc/driver/source/nmdrv.o
                0x0000496a                nm_get_firmware_full_info
 .text.nm_drv_init
                0x00004aa4       0x5c winc/driver/source/nmdrv.o
                0x00004aa4                nm_drv_init
 .text.nm_drv_deinit
                0x00004b00       0x2c winc/driver/source/nmdrv.o
                0x00004b00                nm_drv_deinit
 .text.nmi_spi_write
                0x00004b2c       0x32 winc/driver/source/nmspi.o
 .text.nmi_spi_read
                0x00004b5e       0x32 winc/driver/source/nmspi.o
 .text.spi_cmd_rsp
                0x00004b90       0x7a winc/driver/source/nmspi.o
 .text.spi_data_read
                0x00004c0a       0xce winc/driver/source/nmspi.o
 .text.spi_cmd  0x00004cd8      0x12c winc/driver/source/nmspi.o
 .text.spi_write_reg
                0x00004e04       0xfc winc/driver/source/nmspi.o
 .text.spi_read_reg
                0x00004f00      0x12e winc/driver/source/nmspi.o
 .text.nm_spi_reset
                0x0000502e       0x40 winc/driver/source/nmspi.o
                0x0000502e                nm_spi_reset
 .text.nm_spi_deinit
                0x0000506e        0x8 winc/driver/source/nmspi.o
                0x0000506e                nm_spi_deinit
 .text.nm_spi_read_reg
                0x00005076       0x2a winc/driver/source/nmspi.o
                0x00005076                nm_spi_read_reg
 .text.nm_spi_read_reg_with_ret
                0x000050a0       0x10 winc/driver/source/nmspi.o
                0x000050a0                nm_spi_read_reg_with_ret
 .text.nm_spi_write_reg
                0x000050b0       0x10 winc/driver/source/nmspi.o
                0x000050b0                nm_spi_write_reg
 .text.nm_spi_init
                0x000050c0       0xd2 winc/driver/source/nmspi.o
                0x000050c0                nm_spi_init
 .text.nm_spi_read_block
                0x00005192      0x11e winc/driver/source/nmspi.o
                0x00005192                nm_spi_read_block
 .text.nm_spi_write_block
                0x000052b0      0x1a2 winc/driver/source/nmspi.o
                0x000052b0                nm_spi_write_block
 .text.spi_flash_enable
                0x00005452      0x194 winc/spi_flash/source/spi_flash.o
                0x00005452                spi_flash_enable
 .text.bin2hex  0x000055e6       0x62 winc_certs_functions.o
 .text.WINC_CERTS_appendFileBuf
                0x00005648      0x164 winc_certs_functions.o
                0x00005648                WINC_CERTS_appendFileBuf
 .text.WINC_CERTS_getTotalFilesSize
                0x000057ac       0x48 winc_certs_functions.o
                0x000057ac                WINC_CERTS_getTotalFilesSize
 .text.WINC_CERTS_initBuffer
                0x000057f4       0x74 winc_certs_functions.o
                0x000057f4                WINC_CERTS_initBuffer
 .text.WINC_CERTS_transfer
                0x00005868      0x214 winc_certs_functions.o
                0x00005868                WINC_CERTS_transfer
 .text.libgcc   0x00005a7c        0xc c:/program files (x86)/atmel/studio/7.0/toolchain/avr8/avr8-gnu-toolchain/bin/../lib/gcc/avr/5.4.0/avrxmega3\libgcc.a(_tablejump2.o)
                0x00005a7c                __tablejump2__
 .text.avr-libc
                0x00005a88      0x242 c:/program files (x86)/atmel/studio/7.0/toolchain/avr8/avr8-gnu-toolchain/bin/../lib/gcc/avr/5.4.0/../../../../avr/lib/avrxmega3\libc.a(malloc.o)
                0x00005a88                malloc
                0x00005bb8                free
 .text.avr-libc
                0x00005cca       0x1a c:/program files (x86)/atmel/studio/7.0/toolchain/avr8/avr8-gnu-toolchain/bin/../lib/gcc/avr/5.4.0/../../../../avr/lib/avrxmega3\libc.a(memcmp.o)
                0x00005cca                memcmp
 .text.avr-libc
                0x00005ce4       0x12 c:/program files (x86)/atmel/studio/7.0/toolchain/avr8/avr8-gnu-toolchain/bin/../lib/gcc/avr/5.4.0/../../../../avr/lib/avrxmega3\libc.a(memcpy.o)
                0x00005ce4                memcpy
 .text.avr-libc
                0x00005cf6       0x24 c:/program files (x86)/atmel/studio/7.0/toolchain/avr8/avr8-gnu-toolchain/bin/../lib/gcc/avr/5.4.0/../../../../avr/lib/avrxmega3\libc.a(memmove.o)
                0x00005cf6                memmove
 .text.avr-libc
                0x00005d1a        0xe c:/program files (x86)/atmel/studio/7.0/toolchain/avr8/avr8-gnu-toolchain/bin/../lib/gcc/avr/5.4.0/../../../../avr/lib/avrxmega3\libc.a(memset.o)
                0x00005d1a                memset
 .text.avr-libc
                0x00005d28       0x16 c:/program files (x86)/atmel/studio/7.0/toolchain/avr8/avr8-gnu-toolchain/bin/../lib/gcc/avr/5.4.0/../../../../avr/lib/avrxmega3\libc.a(strcat.o)
                0x00005d28                strcat
 .text.avr-libc
                0x00005d3e       0x16 c:/program files (x86)/atmel/studio/7.0/toolchain/avr8/avr8-gnu-toolchain/bin/../lib/gcc/avr/5.4.0/../../../../avr/lib/avrxmega3\libc.a(strchr.o)
                0x00005d3e                strchr
 .text.avr-libc
                0x00005d54       0x12 c:/program files (x86)/atmel/studio/7.0/toolchain/avr8/avr8-gnu-toolchain/bin/../lib/gcc/avr/5.4.0/../../../../avr/lib/avrxmega3\libc.a(strcmp.o)
                0x00005d54                strcmp
 .text.avr-libc
                0x00005d66        0xe c:/program files (x86)/atmel/studio/7.0/toolchain/avr8/avr8-gnu-toolchain/bin/../lib/gcc/avr/5.4.0/../../../../avr/lib/avrxmega3\libc.a(strcpy.o)
                0x00005d66                strcpy
 .text.avr-libc
                0x00005d74       0x1e c:/program files (x86)/atmel/studio/7.0/toolchain/avr8/avr8-gnu-toolchain/bin/../lib/gcc/avr/5.4.0/../../../../avr/lib/avrxmega3\libc.a(strncpy.o)
                0x00005d74                strncpy
 .text.avr-libc
                0x00005d92       0x44 c:/program files (x86)/atmel/studio/7.0/toolchain/avr8/avr8-gnu-toolchain/bin/../lib/gcc/avr/5.4.0/../../../../avr/lib/avrxmega3\libc.a(sprintf.o)
                0x00005d92                sprintf
 .text.avr-libc
                0x00005dd6      0x3c2 c:/program files (x86)/atmel/studio/7.0/toolchain/avr8/avr8-gnu-toolchain/bin/../lib/gcc/avr/5.4.0/../../../../avr/lib/avrxmega3\libc.a(vfprintf_std.o)
                0x00005dd6                vfprintf
 .text.avr-libc
                0x00006198       0x16 c:/program files (x86)/atmel/studio/7.0/toolchain/avr8/avr8-gnu-toolchain/bin/../lib/gcc/avr/5.4.0/../../../../avr/lib/avrxmega3\libc.a(strnlen_P.o)
                0x00006198                strnlen_P
 .text.avr-libc
                0x000061ae       0x16 c:/program files (x86)/atmel/studio/7.0/toolchain/avr8/avr8-gnu-toolchain/bin/../lib/gcc/avr/5.4.0/../../../../avr/lib/avrxmega3\libc.a(strnlen.o)
                0x000061ae                strnlen
 .text.avr-libc
                0x000061c4       0x78 c:/program files (x86)/atmel/studio/7.0/toolchain/avr8/avr8-gnu-toolchain/bin/../lib/gcc/avr/5.4.0/../../../../avr/lib/avrxmega3\libc.a(fputc.o)
                0x000061c4                fputc
 .text.avr-libc
                0x0000623c       0xbc c:/program files (x86)/atmel/studio/7.0/toolchain/avr8/avr8-gnu-toolchain/bin/../lib/gcc/avr/5.4.0/../../../../avr/lib/avrxmega3\libc.a(ultoa_invert.o)
                0x0000623c                __ultoa_invert
 .text.libgcc.prologue
                0x000062f8       0x32 c:/program files (x86)/atmel/studio/7.0/toolchain/avr8/avr8-gnu-toolchain/bin/../lib/gcc/avr/5.4.0/avrxmega3\libgcc.a(_prologue.o)
                0x000062f8                __prologue_saves__
 .text.libgcc.prologue
                0x0000632a       0x30 c:/program files (x86)/atmel/studio/7.0/toolchain/avr8/avr8-gnu-toolchain/bin/../lib/gcc/avr/5.4.0/avrxmega3\libgcc.a(_epilogue.o)
                0x0000632a                __epilogue_restores__
                0x0000635a                . = ALIGN (0x2)
 *(.fini9)
 .fini9         0x0000635a        0x0 c:/program files (x86)/atmel/studio/7.0/toolchain/avr8/avr8-gnu-toolchain/bin/../lib/gcc/avr/5.4.0/avrxmega3\libgcc.a(_exit.o)
                0x0000635a                _exit
                0x0000635a                exit
 *(.fini9)
 *(.fini8)
 *(.fini8)
 *(.fini7)
 *(.fini7)
 *(.fini6)
 *(.fini6)
 *(.fini5)
 *(.fini5)
 *(.fini4)
 *(.fini4)
 *(.fini3)
 *(.fini3)
 *(.fini2)
 *(.fini2)
 *(.fini1)
 *(.fini1)
 *(.fini0)
 .fini0         0x0000635a        0x4 c:/program files (x86)/atmel/studio/7.0/toolchain/avr8/avr8-gnu-toolchain/bin/../lib/gcc/avr/5.4.0/avrxmega3\libgcc.a(_exit.o)
 *(.fini0)
                0x0000635e                _etext = .

.rodata         0x0000a35e      0x741 load address 0x0000635e
 *(.rodata)
 .rodata        0x0000a35e        0x4 cryptoauthlib/lib/atca_command.o
 .rodata        0x0000a362        0x4 cryptoauthlib/lib/hal/hal_atmega4809_i2c.o
 .rodata        0x0000a366        0x7 main.o
 *(.rodata*)
 .rodata.g_cert_def_1_signer
                0x0000a36d       0x4a cert_def_1_signer.o
                0x0000a36d                g_cert_def_1_signer
 .rodata.g_cert_template_1_signer
                0x0000a3b7      0x1cc cert_def_1_signer.o
                0x0000a3b7                g_cert_template_1_signer
 .rodata.g_cert_elements_1_signer
                0x0000a583       0x36 cert_def_1_signer.o
                0x0000a583                g_cert_elements_1_signer
 .rodata.g_cert_def_2_device
                0x0000a5b9       0x4a cert_def_2_device.o
                0x0000a5b9                g_cert_def_2_device
 .rodata.g_cert_template_2_device
                0x0000a603      0x1aa cert_def_2_device.o
                0x0000a603                g_cert_template_2_device
 .rodata.device_execution_time_608_m2
                0x0000a7ad       0x42 cryptoauthlib/lib/atca_execution.o
 .rodata.device_execution_time_608_m1
                0x0000a7ef       0x42 cryptoauthlib/lib/atca_execution.o
 .rodata.device_execution_time_608_m0
                0x0000a831       0x42 cryptoauthlib/lib/atca_execution.o
 .rodata.device_execution_time_508
                0x0000a873       0x3c cryptoauthlib/lib/atca_execution.o
 .rodata.device_execution_time_108
                0x0000a8af       0x39 cryptoauthlib/lib/atca_execution.o
 .rodata.device_execution_time_204
                0x0000a8e8       0x2a cryptoauthlib/lib/atca_execution.o
 .rodata.k.1757
                0x0000a912      0x100 cryptoauthlib/lib/crypto/hashes/sha2_routines.o
 .rodata.hash_init.1789
                0x0000aa12       0x20 cryptoauthlib/lib/crypto/hashes/sha2_routines.o
 .rodata.str1.1
                0x0000aa32       0x3c main.o
 .rodata.str1.1
                0x0000aa6e       0x20 winc_certs_functions.o
 .rodata.hex.3580
                0x0000aa8e       0x11 winc_certs_functions.o
 *(.gnu.linkonce.r*)

.data           0x00802800      0x1ca load address 0x00006a9f
                0x00802800                PROVIDE (__data_start, .)
 *(.data)
 .data          0x00802800        0x6 c:/program files (x86)/atmel/studio/7.0/toolchain/avr8/avr8-gnu-toolchain/bin/../lib/gcc/avr/5.4.0/../../../../avr/lib/avrxmega3\libc.a(malloc.o)
                0x00802800                __malloc_heap_end
                0x00802802                __malloc_heap_start
                0x00802804                __malloc_margin
 *(.data*)
 .data.g_csr_def_3_device
                0x00802806       0x4a cert_def_3_device_csr.o
                0x00802806                g_csr_def_3_device
 .data.g_csr_template_3_device
                0x00802850      0x11a cert_def_3_device_csr.o
                0x00802850                g_csr_template_3_device
 .data.cryptoDeviceInitialized
                0x0080296a        0x1 cryptoauthlib_main.o
                0x0080296a                cryptoDeviceInitialized
 .data.cfg_ateccx08a_i2c_custom
                0x0080296b       0x26 cryptoauthlib_main.o
                0x0080296b                cfg_ateccx08a_i2c_custom
 .data._gMyDevice
                0x00802991        0x4 cryptoauthlib_main.o
                0x00802991                _gMyDevice
 .data.I2C_0_fsmStateTable
                0x00802995       0x24 src/i2c_master.o
                0x00802995                I2C_0_fsmStateTable
 .data.USART_0_stream
                0x008029b9        0xe src/usart_basic.o
                0x008029b9                USART_0_stream
 .data.egstrNmBusCapabilities
                0x008029c7        0x2 winc/bus_wrapper/source/nm_bus_wrapper_mega.o
                0x008029c7                egstrNmBusCapabilities
 *(.gnu.linkonce.d*)
                0x008029ca                . = ALIGN (0x2)
 *fill*         0x008029c9        0x1 
                0x008029ca                _edata = .
                0x008029ca                PROVIDE (__data_end, .)

.bss            0x008029ca      0xfcf
                0x008029ca                PROVIDE (__bss_start, .)
 *(.bss)
 *(.bss*)
 .bss.g_signer_1_ca_public_key
                0x008029ca       0x40 cert_def_1_signer.o
                0x008029ca                g_signer_1_ca_public_key
 .bss._gDevice  0x00802a0a        0x2 cryptoauthlib/lib/basic/atca_basic.o
                0x00802a0a                _gDevice
 .bss.I2C_0_status
                0x00802a0c       0x24 src/i2c_master.o
                0x00802a0c                I2C_0_status
 .bss.SPI_0_desc
                0x00802a30        0x1 src/spi_basic.o
 .bss.gpfIsr    0x00802a31        0x2 winc/bsp/source/nm_bsp_mega.o
 .bss.gpfAppWifiCb
                0x00802a33        0x2 winc/driver/source/m2m_wifi.o
 .bss.gu8scanInProgress
                0x00802a35        0x1 winc/driver/source/m2m_wifi.o
 .bss.gu8ChNum  0x00802a36        0x1 winc/driver/source/m2m_wifi.o
 .bss.chipid.2327
                0x00802a37        0x4 winc/driver/source/nmasic.o
 .bss.gu8Crc_off
                0x00802a3b        0x1 winc/driver/source/nmspi.o
 .bss.buf.3579  0x00802a3c      0x100 winc_certs_functions.o
 .bss.signer_ca_public_key_size
                0x00802b3c        0x4 winc_certs_functions.o
                0x00802b3c                signer_ca_public_key_size
 .bss.signer_cert_filename
                0x00802b40        0x2 winc_certs_functions.o
                0x00802b40                signer_cert_filename
 .bss.device_cert_filename
                0x00802b42        0x2 winc_certs_functions.o
                0x00802b42                device_cert_filename
 .bss.file_list
                0x00802b44        0x2 winc_certs_functions.o
                0x00802b44                file_list
 .bss.device_cert
                0x00802b46        0x2 winc_certs_functions.o
                0x00802b46                device_cert
 .bss.signer_cert
                0x00802b48        0x2 winc_certs_functions.o
                0x00802b48                signer_cert
 *(COMMON)
 COMMON         0x00802b4a       0x17 cryptoauthlib_main.o
                0x00802b4a                _gmyIface
                0x00802b5d                _gmyCommand
 COMMON         0x00802b61       0x1a winc/driver/source/m2m_hif.o
                0x00802b61                gstrHifCxt
 COMMON         0x00802b7b      0xe14 winc_certs_functions.o
                0x00802b7b                signer_cert_size
                0x00802b7d                sector_buffer
                0x0080398d                device_cert_size
 COMMON         0x0080398f        0x4 c:/program files (x86)/atmel/studio/7.0/toolchain/avr8/avr8-gnu-toolchain/bin/../lib/gcc/avr/5.4.0/../../../../avr/lib/avrxmega3\libc.a(malloc.o)
                0x0080398f                __brkval
                0x00803991                __flp
 COMMON         0x00803993        0x6 c:/program files (x86)/atmel/studio/7.0/toolchain/avr8/avr8-gnu-toolchain/bin/../lib/gcc/avr/5.4.0/../../../../avr/lib/avrxmega3\libc.a(iob.o)
                0x00803993                __iob
                0x00803999                PROVIDE (__bss_end, .)
                0x00006a9f                __data_load_start = LOADADDR (.data)
                0x00006c69                __data_load_end = (__data_load_start + SIZEOF (.data))

.noinit         0x00803999        0x0
                [!provide]                PROVIDE (__noinit_start, .)
 *(.noinit*)
                [!provide]                PROVIDE (__noinit_end, .)
                0x00803999                _end = .
                0x00803999                PROVIDE (__heap_start, .)

.eeprom         0x00810000        0x0
 *(.eeprom*)
                0x00810000                __eeprom_end = .

.fuse
 *(.fuse)
 *(.lfuse)
 *(.hfuse)
 *(.efuse)

.lock
 *(.lock*)

.signature
 *(.signature*)

.user_signatures
 *(.user_signatures*)

.stab
 *(.stab)

.stabstr
 *(.stabstr)

.stab.excl
 *(.stab.excl)

.stab.exclstr
 *(.stab.exclstr)

.stab.index
 *(.stab.index)

.stab.indexstr
 *(.stab.indexstr)

.comment        0x00000000       0x5c
 *(.comment)
 .comment       0x00000000       0x30 atmel_start.o
                                 0x31 (size before relaxing)
 .comment       0x00000030       0x31 cert_def_1_signer.o
 .comment       0x00000030       0x31 cert_def_2_device.o
 .comment       0x00000030       0x31 cert_def_3_device_csr.o
 .comment       0x00000030       0x31 convertions.o
 .comment       0x00000030       0x31 cryptoauthlib/lib/atcacert/atcacert_client.o
 .comment       0x00000030       0x31 cryptoauthlib/lib/atcacert/atcacert_def.o
 .comment       0x00000030       0x31 cryptoauthlib/lib/atcacert/atcacert_der.o
 .comment       0x00000030       0x31 cryptoauthlib/lib/atca_command.o
 .comment       0x00000030       0x31 cryptoauthlib/lib/atca_device.o
 .comment       0x00000030       0x31 cryptoauthlib/lib/atca_execution.o
 .comment       0x00000030       0x31 cryptoauthlib/lib/atca_iface.o
 .comment       0x00000030       0x31 cryptoauthlib/lib/basic/atca_basic.o
 .comment       0x00000030       0x31 cryptoauthlib/lib/basic/atca_basic_genkey.o
 .comment       0x00000030       0x31 cryptoauthlib/lib/basic/atca_basic_nonce.o
 .comment       0x00000030       0x31 cryptoauthlib/lib/basic/atca_basic_random.o
 .comment       0x00000030       0x31 cryptoauthlib/lib/basic/atca_basic_read.o
 .comment       0x00000030       0x31 cryptoauthlib/lib/basic/atca_basic_sign.o
 .comment       0x00000030       0x31 cryptoauthlib/lib/crypto/atca_crypto_sw_sha2.o
 .comment       0x00000030       0x31 cryptoauthlib/lib/crypto/hashes/sha2_routines.o
 .comment       0x00000030       0x31 cryptoauthlib/lib/hal/atca_hal.o
 .comment       0x00000030       0x31 cryptoauthlib/lib/hal/hal_atmega4809_i2c.o
 .comment       0x00000030       0x31 cryptoauthlib/lib/hal/hal_atmega4809_timer.o
 .comment       0x00000030       0x31 cryptoauthlib/lib/tls/atcatls.o
 .comment       0x00000030       0x31 cryptoauthlib_main.o
 .comment       0x00000030       0x31 main.o
 .comment       0x00000030       0x31 src/bod.o
 .comment       0x00000030       0x31 src/clkctrl.o
 .comment       0x00000030       0x31 src/cpuint.o
 .comment       0x00000030       0x31 src/driver_init.o
 .comment       0x00000030       0x31 src/i2c_master.o
 .comment       0x00000030       0x31 src/i2c_simple_master.o
 .comment       0x00000030       0x31 src/i2c_types.o
 .comment       0x00000030       0x31 src/slpctrl.o
 .comment       0x00000030       0x31 src/spi_basic.o
 .comment       0x00000030       0x31 src/usart_basic.o
 .comment       0x00000030       0x31 winc/bsp/source/nm_bsp_mega.o
 .comment       0x00000030       0x31 winc/bus_wrapper/source/nm_bus_wrapper_mega.o
 .comment       0x00000030       0x31 winc/common/source/nm_common.o
 .comment       0x00000030       0x31 winc/driver/source/m2m_hif.o
 .comment       0x00000030       0x31 winc/driver/source/m2m_ssl.o
 .comment       0x00000030       0x31 winc/driver/source/m2m_wifi.o
 .comment       0x00000030       0x31 winc/driver/source/nmasic.o
 .comment       0x00000030       0x31 winc/driver/source/nmbus.o
 .comment       0x00000030       0x31 winc/driver/source/nmdrv.o
 .comment       0x00000030       0x31 winc/driver/source/nmspi.o
 .comment       0x00000030       0x31 winc/spi_flash/source/spi_flash.o
 .comment       0x00000030       0x31 winc_certs_functions.o
 .comment       0x00000030       0x31 c:/program files (x86)/atmel/studio/7.0/toolchain/avr8/avr8-gnu-toolchain/bin/../lib/gcc/avr/5.4.0/../../../../avr/lib/avrxmega3\libc.a(malloc.o)
 .comment       0x00000030       0x31 c:/program files (x86)/atmel/studio/7.0/toolchain/avr8/avr8-gnu-toolchain/bin/../lib/gcc/avr/5.4.0/../../../../avr/lib/avrxmega3\libc.a(iob.o)
 .comment       0x00000030       0x31 c:/program files (x86)/atmel/studio/7.0/toolchain/avr8/avr8-gnu-toolchain/bin/../lib/gcc/avr/5.4.0/../../../../avr/lib/avrxmega3\libc.a(sprintf.o)
 .comment       0x00000030       0x2c c:/program files (x86)/atmel/studio/7.0/toolchain/avr8/avr8-gnu-toolchain/bin/../lib/gcc/avr/5.4.0/../../../../avr/lib/avrxmega3\libc.a(vfprintf_std.o)
                                 0x2d (size before relaxing)
 .comment       0x0000005c       0x31 c:/program files (x86)/atmel/studio/7.0/toolchain/avr8/avr8-gnu-toolchain/bin/../lib/gcc/avr/5.4.0/../../../../avr/lib/avrxmega3\libc.a(fputc.o)

.note.gnu.avr.deviceinfo
                0x00000000       0x40
 .note.gnu.avr.deviceinfo
                0x00000000       0x40 C:/Program Files (x86)/Atmel/Studio/7.0/Packs/Atmel/ATmega_DFP/1.3.300/gcc/dev/atmega4808/avrxmega3/crtatmega4808.o

.note.gnu.build-id
 *(.note.gnu.build-id)

.debug
 *(.debug)

.line
 *(.line)

.debug_srcinfo
 *(.debug_srcinfo)

.debug_sfnames
 *(.debug_sfnames)

.debug_aranges  0x00000000     0x1218
 *(.debug_aranges)
 .debug_aranges
                0x00000000       0x20 atmel_start.o
 .debug_aranges
                0x00000020       0x18 cert_def_1_signer.o
 .debug_aranges
                0x00000038       0x18 cert_def_2_device.o
 .debug_aranges
                0x00000050       0x18 cert_def_3_device_csr.o
 .debug_aranges
                0x00000068       0x30 convertions.o
 .debug_aranges
                0x00000098       0x50 cryptoauthlib/lib/atcacert/atcacert_client.o
 .debug_aranges
                0x000000e8      0x148 cryptoauthlib/lib/atcacert/atcacert_def.o
 .debug_aranges
                0x00000230       0x50 cryptoauthlib/lib/atcacert/atcacert_der.o
 .debug_aranges
                0x00000280      0x120 cryptoauthlib/lib/atca_command.o
 .debug_aranges
                0x000003a0       0x40 cryptoauthlib/lib/atca_device.o
 .debug_aranges
                0x000003e0       0x28 cryptoauthlib/lib/atca_execution.o
 .debug_aranges
                0x00000408       0x78 cryptoauthlib/lib/atca_iface.o
 .debug_aranges
                0x00000480       0x78 cryptoauthlib/lib/basic/atca_basic.o
 .debug_aranges
                0x000004f8       0x30 cryptoauthlib/lib/basic/atca_basic_genkey.o
 .debug_aranges
                0x00000528       0x38 cryptoauthlib/lib/basic/atca_basic_nonce.o
 .debug_aranges
                0x00000560       0x20 cryptoauthlib/lib/basic/atca_basic_random.o
 .debug_aranges
                0x00000580       0x68 cryptoauthlib/lib/basic/atca_basic_read.o
 .debug_aranges
                0x000005e8       0x30 cryptoauthlib/lib/basic/atca_basic_sign.o
 .debug_aranges
                0x00000618       0x38 cryptoauthlib/lib/crypto/atca_crypto_sw_sha2.o
 .debug_aranges
                0x00000650       0x40 cryptoauthlib/lib/crypto/hashes/sha2_routines.o
 .debug_aranges
                0x00000690       0x28 cryptoauthlib/lib/hal/atca_hal.o
 .debug_aranges
                0x000006b8       0x68 cryptoauthlib/lib/hal/hal_atmega4809_i2c.o
 .debug_aranges
                0x00000720       0x28 cryptoauthlib/lib/hal/hal_atmega4809_timer.o
 .debug_aranges
                0x00000748       0xf0 cryptoauthlib/lib/tls/atcatls.o
 .debug_aranges
                0x00000838       0x20 cryptoauthlib_main.o
 .debug_aranges
                0x00000858       0x20 main.o
 .debug_aranges
                0x00000878       0x20 src/bod.o
 .debug_aranges
                0x00000898       0x20 src/clkctrl.o
 .debug_aranges
                0x000008b8       0x20 src/cpuint.o
 .debug_aranges
                0x000008d8       0x40 src/driver_init.o
 .debug_aranges
                0x00000918      0x138 src/i2c_master.o
 .debug_aranges
                0x00000a50       0x78 src/i2c_simple_master.o
 .debug_aranges
                0x00000ac8       0x38 src/i2c_types.o
 .debug_aranges
                0x00000b00       0x20 src/protected_io.o
 .debug_aranges
                0x00000b20       0x20 src/slpctrl.o
 .debug_aranges
                0x00000b40       0x50 src/spi_basic.o
 .debug_aranges
                0x00000b90       0x78 src/usart_basic.o
 .debug_aranges
                0x00000c08       0x58 winc/bsp/source/nm_bsp_mega.o
 .debug_aranges
                0x00000c60       0x38 winc/bus_wrapper/source/nm_bus_wrapper_mega.o
 .debug_aranges
                0x00000c98       0x50 winc/common/source/nm_common.o
 .debug_aranges
                0x00000ce8       0x88 winc/driver/source/m2m_hif.o
 .debug_aranges
                0x00000d70       0x60 winc/driver/source/m2m_ssl.o
 .debug_aranges
                0x00000dd0      0x1c0 winc/driver/source/m2m_wifi.o
 .debug_aranges
                0x00000f90       0xb0 winc/driver/source/nmasic.o
 .debug_aranges
                0x00001040       0x60 winc/driver/source/nmbus.o
 .debug_aranges
                0x000010a0       0x48 winc/driver/source/nmdrv.o
 .debug_aranges
                0x000010e8       0x90 winc/driver/source/nmspi.o
 .debug_aranges
                0x00001178       0x60 winc/spi_flash/source/spi_flash.o
 .debug_aranges
                0x000011d8       0x40 winc_certs_functions.o

.debug_pubnames
 *(.debug_pubnames)

.debug_info     0x00000000    0x231f8
 *(.debug_info .gnu.linkonce.wi.*)
 .debug_info    0x00000000     0x22af C:/Program Files (x86)/Atmel/Studio/7.0/Packs/Atmel/ATmega_DFP/1.3.300/gcc/dev/atmega4808/avrxmega3/crtatmega4808.o
 .debug_info    0x000022af       0xa2 atmel_start.o
 .debug_info    0x00002351      0x45a cert_def_1_signer.o
 .debug_info    0x000027ab      0x411 cert_def_2_device.o
 .debug_info    0x00002bbc      0x402 cert_def_3_device_csr.o
 .debug_info    0x00002fbe      0x30e convertions.o
 .debug_info    0x000032cc     0x1068 cryptoauthlib/lib/atcacert/atcacert_client.o
 .debug_info    0x00004334     0x35d3 cryptoauthlib/lib/atcacert/atcacert_def.o
 .debug_info    0x00007907      0x88d cryptoauthlib/lib/atcacert/atcacert_der.o
 .debug_info    0x00008194      0xe6e cryptoauthlib/lib/atca_command.o
 .debug_info    0x00009002      0x8b7 cryptoauthlib/lib/atca_device.o
 .debug_info    0x000098b9      0x9ad cryptoauthlib/lib/atca_execution.o
 .debug_info    0x0000a266      0xaee cryptoauthlib/lib/atca_iface.o
 .debug_info    0x0000ad54      0xb94 cryptoauthlib/lib/basic/atca_basic.o
 .debug_info    0x0000b8e8      0x8b8 cryptoauthlib/lib/basic/atca_basic_genkey.o
 .debug_info    0x0000c1a0      0x90c cryptoauthlib/lib/basic/atca_basic_nonce.o
 .debug_info    0x0000caac      0x772 cryptoauthlib/lib/basic/atca_basic_random.o
 .debug_info    0x0000d21e     0x13a8 cryptoauthlib/lib/basic/atca_basic_read.o
 .debug_info    0x0000e5c6      0x959 cryptoauthlib/lib/basic/atca_basic_sign.o
 .debug_info    0x0000ef1f      0x4bf cryptoauthlib/lib/crypto/atca_crypto_sw_sha2.o
 .debug_info    0x0000f3de      0x56f cryptoauthlib/lib/crypto/hashes/sha2_routines.o
 .debug_info    0x0000f94d      0x70d cryptoauthlib/lib/hal/atca_hal.o
 .debug_info    0x0001005a      0xaef cryptoauthlib/lib/hal/hal_atmega4809_i2c.o
 .debug_info    0x00010b49      0x174 cryptoauthlib/lib/hal/hal_atmega4809_timer.o
 .debug_info    0x00010cbd     0x199c cryptoauthlib/lib/tls/atcatls.o
 .debug_info    0x00012659      0x6ff cryptoauthlib_main.o
 .debug_info    0x00012d58      0xd99 main.o
 .debug_info    0x00013af1       0x8d src/bod.o
 .debug_info    0x00013b7e      0x38e src/clkctrl.o
 .debug_info    0x00013f0c       0x8d src/cpuint.o
 .debug_info    0x00013f99     0x1970 src/driver_init.o
 .debug_info    0x00015909      0xd23 src/i2c_master.o
 .debug_info    0x0001662c      0x914 src/i2c_simple_master.o
 .debug_info    0x00016f40      0x146 src/i2c_types.o
 .debug_info    0x00017086       0xa4 src/protected_io.o
 .debug_info    0x0001712a       0x8d src/slpctrl.o
 .debug_info    0x000171b7      0x2f9 src/spi_basic.o
 .debug_info    0x000174b0      0x47d src/usart_basic.o
 .debug_info    0x0001792d      0xa8a winc/bsp/source/nm_bsp_mega.o
 .debug_info    0x000183b7      0x9b7 winc/bus_wrapper/source/nm_bus_wrapper_mega.o
 .debug_info    0x00018d6e      0x314 winc/common/source/nm_common.o
 .debug_info    0x00019082      0xbd0 winc/driver/source/m2m_hif.o
 .debug_info    0x00019c52      0x9c4 winc/driver/source/m2m_ssl.o
 .debug_info    0x0001a616     0x36e3 winc/driver/source/m2m_wifi.o
 .debug_info    0x0001dcf9     0x11d3 winc/driver/source/nmasic.o
 .debug_info    0x0001eecc      0x5ca winc/driver/source/nmbus.o
 .debug_info    0x0001f496      0x7c9 winc/driver/source/nmdrv.o
 .debug_info    0x0001fc5f     0x12f3 winc/driver/source/nmspi.o
 .debug_info    0x00020f52     0x161f winc/spi_flash/source/spi_flash.o
 .debug_info    0x00022571      0xc87 winc_certs_functions.o

.debug_abbrev   0x00000000     0x7ad6
 *(.debug_abbrev)
 .debug_abbrev  0x00000000     0x20d4 C:/Program Files (x86)/Atmel/Studio/7.0/Packs/Atmel/ATmega_DFP/1.3.300/gcc/dev/atmega4808/avrxmega3/crtatmega4808.o
 .debug_abbrev  0x000020d4       0x66 atmel_start.o
 .debug_abbrev  0x0000213a       0xb6 cert_def_1_signer.o
 .debug_abbrev  0x000021f0       0xb6 cert_def_2_device.o
 .debug_abbrev  0x000022a6       0xb6 cert_def_3_device_csr.o
 .debug_abbrev  0x0000235c      0x1c8 convertions.o
 .debug_abbrev  0x00002524      0x20e cryptoauthlib/lib/atcacert/atcacert_client.o
 .debug_abbrev  0x00002732      0x3c3 cryptoauthlib/lib/atcacert/atcacert_def.o
 .debug_abbrev  0x00002af5      0x1c1 cryptoauthlib/lib/atcacert/atcacert_der.o
 .debug_abbrev  0x00002cb6      0x25c cryptoauthlib/lib/atca_command.o
 .debug_abbrev  0x00002f12      0x1db cryptoauthlib/lib/atca_device.o
 .debug_abbrev  0x000030ed      0x1cf cryptoauthlib/lib/atca_execution.o
 .debug_abbrev  0x000032bc      0x1e3 cryptoauthlib/lib/atca_iface.o
 .debug_abbrev  0x0000349f      0x26c cryptoauthlib/lib/basic/atca_basic.o
 .debug_abbrev  0x0000370b      0x1b1 cryptoauthlib/lib/basic/atca_basic_genkey.o
 .debug_abbrev  0x000038bc      0x1a3 cryptoauthlib/lib/basic/atca_basic_nonce.o
 .debug_abbrev  0x00003a5f      0x172 cryptoauthlib/lib/basic/atca_basic_random.o
 .debug_abbrev  0x00003bd1      0x311 cryptoauthlib/lib/basic/atca_basic_read.o
 .debug_abbrev  0x00003ee2      0x1dc cryptoauthlib/lib/basic/atca_basic_sign.o
 .debug_abbrev  0x000040be      0x17f cryptoauthlib/lib/crypto/atca_crypto_sw_sha2.o
 .debug_abbrev  0x0000423d      0x18d cryptoauthlib/lib/crypto/hashes/sha2_routines.o
 .debug_abbrev  0x000043ca      0x175 cryptoauthlib/lib/hal/atca_hal.o
 .debug_abbrev  0x0000453f      0x278 cryptoauthlib/lib/hal/hal_atmega4809_i2c.o
 .debug_abbrev  0x000047b7      0x123 cryptoauthlib/lib/hal/hal_atmega4809_timer.o
 .debug_abbrev  0x000048da      0x2f5 cryptoauthlib/lib/tls/atcatls.o
 .debug_abbrev  0x00004bcf      0x152 cryptoauthlib_main.o
 .debug_abbrev  0x00004d21      0x293 main.o
 .debug_abbrev  0x00004fb4       0x51 src/bod.o
 .debug_abbrev  0x00005005      0x105 src/clkctrl.o
 .debug_abbrev  0x0000510a       0x51 src/cpuint.o
 .debug_abbrev  0x0000515b      0x1ee src/driver_init.o
 .debug_abbrev  0x00005349      0x396 src/i2c_master.o
 .debug_abbrev  0x000056df      0x168 src/i2c_simple_master.o
 .debug_abbrev  0x00005847       0x9d src/i2c_types.o
 .debug_abbrev  0x000058e4       0x14 src/protected_io.o
 .debug_abbrev  0x000058f8       0x51 src/slpctrl.o
 .debug_abbrev  0x00005949      0x164 src/spi_basic.o
 .debug_abbrev  0x00005aad      0x204 src/usart_basic.o
 .debug_abbrev  0x00005cb1      0x2a5 winc/bsp/source/nm_bsp_mega.o
 .debug_abbrev  0x00005f56      0x254 winc/bus_wrapper/source/nm_bus_wrapper_mega.o
 .debug_abbrev  0x000061aa      0x135 winc/common/source/nm_common.o
 .debug_abbrev  0x000062df      0x3b8 winc/driver/source/m2m_hif.o
 .debug_abbrev  0x00006697      0x2c3 winc/driver/source/m2m_ssl.o
 .debug_abbrev  0x0000695a      0x326 winc/driver/source/m2m_wifi.o
 .debug_abbrev  0x00006c80      0x2b5 winc/driver/source/nmasic.o
 .debug_abbrev  0x00006f35      0x1e5 winc/driver/source/nmbus.o
 .debug_abbrev  0x0000711a      0x1b6 winc/driver/source/nmdrv.o
 .debug_abbrev  0x000072d0      0x31f winc/driver/source/nmspi.o
 .debug_abbrev  0x000075ef      0x2a7 winc/spi_flash/source/spi_flash.o
 .debug_abbrev  0x00007896      0x240 winc_certs_functions.o

.debug_line     0x00000000     0xb49d
 *(.debug_line .debug_line.* .debug_line_end)
 .debug_line    0x00000000      0x16f C:/Program Files (x86)/Atmel/Studio/7.0/Packs/Atmel/ATmega_DFP/1.3.300/gcc/dev/atmega4808/avrxmega3/crtatmega4808.o
 .debug_line    0x0000016f       0x60 atmel_start.o
 .debug_line    0x000001cf       0xdb cert_def_1_signer.o
 .debug_line    0x000002aa       0xdb cert_def_2_device.o
 .debug_line    0x00000385       0xdf cert_def_3_device_csr.o
 .debug_line    0x00000464      0x23e convertions.o
 .debug_line    0x000006a2      0x63d cryptoauthlib/lib/atcacert/atcacert_client.o
 .debug_line    0x00000cdf     0x1326 cryptoauthlib/lib/atcacert/atcacert_def.o
 .debug_line    0x00002005      0x6b8 cryptoauthlib/lib/atcacert/atcacert_der.o
 .debug_line    0x000026bd      0x810 cryptoauthlib/lib/atca_command.o
 .debug_line    0x00002ecd      0x22d cryptoauthlib/lib/atca_device.o
 .debug_line    0x000030fa      0x284 cryptoauthlib/lib/atca_execution.o
 .debug_line    0x0000337e      0x2eb cryptoauthlib/lib/atca_iface.o
 .debug_line    0x00003669      0x46a cryptoauthlib/lib/basic/atca_basic.o
 .debug_line    0x00003ad3      0x1c4 cryptoauthlib/lib/basic/atca_basic_genkey.o
 .debug_line    0x00003c97      0x228 cryptoauthlib/lib/basic/atca_basic_nonce.o
 .debug_line    0x00003ebf      0x18a cryptoauthlib/lib/basic/atca_basic_random.o
 .debug_line    0x00004049      0x5ee cryptoauthlib/lib/basic/atca_basic_read.o
 .debug_line    0x00004637      0x204 cryptoauthlib/lib/basic/atca_basic_sign.o
 .debug_line    0x0000483b      0x214 cryptoauthlib/lib/crypto/atca_crypto_sw_sha2.o
 .debug_line    0x00004a4f      0x2ef cryptoauthlib/lib/crypto/hashes/sha2_routines.o
 .debug_line    0x00004d3e      0x182 cryptoauthlib/lib/hal/atca_hal.o
 .debug_line    0x00004ec0      0x324 cryptoauthlib/lib/hal/hal_atmega4809_i2c.o
 .debug_line    0x000051e4      0x16c cryptoauthlib/lib/hal/hal_atmega4809_timer.o
 .debug_line    0x00005350      0x733 cryptoauthlib/lib/tls/atcatls.o
 .debug_line    0x00005a83      0x15a cryptoauthlib_main.o
 .debug_line    0x00005bdd      0x42f main.o
 .debug_line    0x0000600c       0xa2 src/bod.o
 .debug_line    0x000060ae      0x136 src/clkctrl.o
 .debug_line    0x000061e4       0xa5 src/cpuint.o
 .debug_line    0x00006289      0x3db src/driver_init.o
 .debug_line    0x00006664      0x7bb src/i2c_master.o
 .debug_line    0x00006e1f      0x3cb src/i2c_simple_master.o
 .debug_line    0x000071ea       0xa2 src/i2c_types.o
 .debug_line    0x0000728c       0x55 src/protected_io.o
 .debug_line    0x000072e1       0xa6 src/slpctrl.o
 .debug_line    0x00007387      0x21c src/spi_basic.o
 .debug_line    0x000075a3      0x25c src/usart_basic.o
 .debug_line    0x000077ff      0x337 winc/bsp/source/nm_bsp_mega.o
 .debug_line    0x00007b36      0x303 winc/bus_wrapper/source/nm_bus_wrapper_mega.o
 .debug_line    0x00007e39      0x1f5 winc/common/source/nm_common.o
 .debug_line    0x0000802e      0x641 winc/driver/source/m2m_hif.o
 .debug_line    0x0000866f      0x2b5 winc/driver/source/m2m_ssl.o
 .debug_line    0x00008924      0xd19 winc/driver/source/m2m_wifi.o
 .debug_line    0x0000963d      0x702 winc/driver/source/nmasic.o
 .debug_line    0x00009d3f      0x201 winc/driver/source/nmbus.o
 .debug_line    0x00009f40      0x40f winc/driver/source/nmdrv.o
 .debug_line    0x0000a34f      0x77c winc/driver/source/nmspi.o
 .debug_line    0x0000aacb      0x582 winc/spi_flash/source/spi_flash.o
 .debug_line    0x0000b04d      0x450 winc_certs_functions.o

.debug_frame    0x00000000     0x4478
 *(.debug_frame)
 .debug_frame   0x00000000       0x24 atmel_start.o
 .debug_frame   0x00000024       0xa4 convertions.o
 .debug_frame   0x000000c8      0x250 cryptoauthlib/lib/atcacert/atcacert_client.o
 .debug_frame   0x00000318      0x998 cryptoauthlib/lib/atcacert/atcacert_def.o
 .debug_frame   0x00000cb0      0x278 cryptoauthlib/lib/atcacert/atcacert_der.o
 .debug_frame   0x00000f28      0x27c cryptoauthlib/lib/atca_command.o
 .debug_frame   0x000011a4       0xac cryptoauthlib/lib/atca_device.o
 .debug_frame   0x00001250       0x74 cryptoauthlib/lib/atca_execution.o
 .debug_frame   0x000012c4      0x140 cryptoauthlib/lib/atca_iface.o
 .debug_frame   0x00001404      0x148 cryptoauthlib/lib/basic/atca_basic.o
 .debug_frame   0x0000154c       0x64 cryptoauthlib/lib/basic/atca_basic_genkey.o
 .debug_frame   0x000015b0       0x90 cryptoauthlib/lib/basic/atca_basic_nonce.o
 .debug_frame   0x00001640       0x40 cryptoauthlib/lib/basic/atca_basic_random.o
 .debug_frame   0x00001680      0x2d4 cryptoauthlib/lib/basic/atca_basic_read.o
 .debug_frame   0x00001954       0x84 cryptoauthlib/lib/basic/atca_basic_sign.o
 .debug_frame   0x000019d8       0x84 cryptoauthlib/lib/crypto/atca_crypto_sw_sha2.o
 .debug_frame   0x00001a5c      0x190 cryptoauthlib/lib/crypto/hashes/sha2_routines.o
 .debug_frame   0x00001bec       0x34 cryptoauthlib/lib/hal/atca_hal.o
 .debug_frame   0x00001c20      0x104 cryptoauthlib/lib/hal/hal_atmega4809_i2c.o
 .debug_frame   0x00001d24       0x48 cryptoauthlib/lib/hal/hal_atmega4809_timer.o
 .debug_frame   0x00001d6c      0x37c cryptoauthlib/lib/tls/atcatls.o
 .debug_frame   0x000020e8       0x24 cryptoauthlib_main.o
 .debug_frame   0x0000210c       0x38 main.o
 .debug_frame   0x00002144       0x24 src/bod.o
 .debug_frame   0x00002168       0x24 src/clkctrl.o
 .debug_frame   0x0000218c       0x24 src/cpuint.o
 .debug_frame   0x000021b0       0x64 src/driver_init.o
 .debug_frame   0x00002214      0x2ac src/i2c_master.o
 .debug_frame   0x000024c0      0x18c src/i2c_simple_master.o
 .debug_frame   0x0000264c       0x54 src/i2c_types.o
 .debug_frame   0x000026a0       0x24 src/slpctrl.o
 .debug_frame   0x000026c4       0x84 src/spi_basic.o
 .debug_frame   0x00002748       0xd4 src/usart_basic.o
 .debug_frame   0x0000281c       0xdc winc/bsp/source/nm_bsp_mega.o
 .debug_frame   0x000028f8       0x8c winc/bus_wrapper/source/nm_bus_wrapper_mega.o
 .debug_frame   0x00002984       0xd4 winc/common/source/nm_common.o
 .debug_frame   0x00002a58      0x1e4 winc/driver/source/m2m_hif.o
 .debug_frame   0x00002c3c      0x190 winc/driver/source/m2m_ssl.o
 .debug_frame   0x00002dcc      0xa28 winc/driver/source/m2m_wifi.o
 .debug_frame   0x000037f4      0x30c winc/driver/source/nmasic.o
 .debug_frame   0x00003b00      0x164 winc/driver/source/nmbus.o
 .debug_frame   0x00003c64      0x110 winc/driver/source/nmdrv.o
 .debug_frame   0x00003d74      0x374 winc/driver/source/nmspi.o
 .debug_frame   0x000040e8      0x28c winc/spi_flash/source/spi_flash.o
 .debug_frame   0x00004374      0x104 winc_certs_functions.o

.debug_str      0x00000000     0x7db8
 *(.debug_str)
 .debug_str     0x00000000      0xed3 C:/Program Files (x86)/Atmel/Studio/7.0/Packs/Atmel/ATmega_DFP/1.3.300/gcc/dev/atmega4808/avrxmega3/crtatmega4808.o
 .debug_str     0x00000ed3      0x184 atmel_start.o
                                0x1bd (size before relaxing)
 .debug_str     0x00001057      0x51f cert_def_1_signer.o
                                0x6fb (size before relaxing)
 .debug_str     0x00001576       0x46 cert_def_2_device.o
                                0x6c9 (size before relaxing)
 .debug_str     0x000015bc       0x48 cert_def_3_device_csr.o
                                0x6cb (size before relaxing)
 .debug_str     0x00001604       0xc8 convertions.o
                                0x28f (size before relaxing)
 .debug_str     0x000016cc      0x650 cryptoauthlib/lib/atcacert/atcacert_client.o
                                0xd76 (size before relaxing)
 .debug_str     0x00001d1c      0x66f cryptoauthlib/lib/atcacert/atcacert_def.o
                                0xf3e (size before relaxing)
 .debug_str     0x0000238b      0x1a1 cryptoauthlib/lib/atcacert/atcacert_der.o
                                0x3e2 (size before relaxing)
 .debug_str     0x0000252c      0x2bd cryptoauthlib/lib/atca_command.o
                                0x728 (size before relaxing)
 .debug_str     0x000027e9      0x2c7 cryptoauthlib/lib/atca_device.o
                                0x7e2 (size before relaxing)
 .debug_str     0x00002ab0      0x161 cryptoauthlib/lib/atca_execution.o
                                0x8c6 (size before relaxing)
 .debug_str     0x00002c11       0x94 cryptoauthlib/lib/atca_iface.o
                                0x779 (size before relaxing)
 .debug_str     0x00002ca5      0x1a2 cryptoauthlib/lib/basic/atca_basic.o
                                0x91f (size before relaxing)
 .debug_str     0x00002e47       0x59 cryptoauthlib/lib/basic/atca_basic_genkey.o
                                0x7f6 (size before relaxing)
 .debug_str     0x00002ea0       0xa8 cryptoauthlib/lib/basic/atca_basic_nonce.o
                                0x821 (size before relaxing)
 .debug_str     0x00002f48       0x3c cryptoauthlib/lib/basic/atca_basic_random.o
                                0x7b3 (size before relaxing)
 .debug_str     0x00002f84      0x28c cryptoauthlib/lib/basic/atca_basic_read.o
                                0xb19 (size before relaxing)
 .debug_str     0x00003210       0x83 cryptoauthlib/lib/basic/atca_basic_sign.o
                                0x83b (size before relaxing)
 .debug_str     0x00003293       0xdb cryptoauthlib/lib/crypto/atca_crypto_sw_sha2.o
                                0x54a (size before relaxing)
 .debug_str     0x0000336e       0xe4 cryptoauthlib/lib/crypto/hashes/sha2_routines.o
                                0x305 (size before relaxing)
 .debug_str     0x00003452       0x34 cryptoauthlib/lib/hal/atca_hal.o
                                0x6f6 (size before relaxing)
 .debug_str     0x00003486      0x1a3 cryptoauthlib/lib/hal/hal_atmega4809_i2c.o
                                0x8c2 (size before relaxing)
 .debug_str     0x00003629       0x3e cryptoauthlib/lib/hal/hal_atmega4809_timer.o
                                0x225 (size before relaxing)
 .debug_str     0x00003667      0x340 cryptoauthlib/lib/tls/atcatls.o
                                0xfe6 (size before relaxing)
 .debug_str     0x000039a7       0x7f cryptoauthlib_main.o
                                0x789 (size before relaxing)
 .debug_str     0x00003a26      0x34a main.o
                                0xcb4 (size before relaxing)
 .debug_str     0x00003d70       0x16 src/bod.o
                                0x1a5 (size before relaxing)
 .debug_str     0x00003d86      0x30b src/clkctrl.o
                                0x4b9 (size before relaxing)
 .debug_str     0x00004091       0x1c src/cpuint.o
                                0x1ab (size before relaxing)
 .debug_str     0x000040ad      0x758 src/driver_init.o
                                0x9fe (size before relaxing)
 .debug_str     0x00004805      0x6a1 src/i2c_master.o
                                0x9fc (size before relaxing)
 .debug_str     0x00004ea6      0x12b src/i2c_simple_master.o
                                0x41b (size before relaxing)
 .debug_str     0x00004fd1       0x63 src/i2c_types.o
                                0x23b (size before relaxing)
 .debug_str     0x00005034       0x11 src/slpctrl.o
                                0x1ad (size before relaxing)
 .debug_str     0x00005045      0x16d src/spi_basic.o
                                0x36f (size before relaxing)
 .debug_str     0x000051b2      0x1d0 src/usart_basic.o
                                0x3f3 (size before relaxing)
 .debug_str     0x00005382       0xea winc/bsp/source/nm_bsp_mega.o
                                0x710 (size before relaxing)
 .debug_str     0x0000546c      0x134 winc/bus_wrapper/source/nm_bus_wrapper_mega.o
                                0x61a (size before relaxing)
 .debug_str     0x000055a0       0xc4 winc/common/source/nm_common.o
                                0x253 (size before relaxing)
 .debug_str     0x00005664      0x34a winc/driver/source/m2m_hif.o
                                0x570 (size before relaxing)
 .debug_str     0x000059ae      0x377 winc/driver/source/m2m_ssl.o
                                0x60c (size before relaxing)
 .debug_str     0x00005d25     0x184d winc/driver/source/m2m_wifi.o
                               0x1e78 (size before relaxing)
 .debug_str     0x00007572      0x1db winc/driver/source/nmasic.o
                                0x4c3 (size before relaxing)
 .debug_str     0x0000774d      0x112 winc/driver/source/nmbus.o
                                0x355 (size before relaxing)
 .debug_str     0x0000785f       0xa9 winc/driver/source/nmdrv.o
                                0x4c8 (size before relaxing)
 .debug_str     0x00007908      0x144 winc/driver/source/nmspi.o
                                0x444 (size before relaxing)
 .debug_str     0x00007a4c      0x1da winc/spi_flash/source/spi_flash.o
                                0x411 (size before relaxing)
 .debug_str     0x00007c26      0x192 winc_certs_functions.o
                                0xc7d (size before relaxing)

.debug_loc      0x00000000    0x1a493
 *(.debug_loc)
 .debug_loc     0x00000000      0x40c convertions.o
 .debug_loc     0x0000040c     0x129d cryptoauthlib/lib/atcacert/atcacert_client.o
 .debug_loc     0x000016a9     0x60b8 cryptoauthlib/lib/atcacert/atcacert_def.o
 .debug_loc     0x00007761     0x1457 cryptoauthlib/lib/atcacert/atcacert_der.o
 .debug_loc     0x00008bb8      0xc5e cryptoauthlib/lib/atca_command.o
 .debug_loc     0x00009816      0x321 cryptoauthlib/lib/atca_device.o
 .debug_loc     0x00009b37      0x273 cryptoauthlib/lib/atca_execution.o
 .debug_loc     0x00009daa      0x5a8 cryptoauthlib/lib/atca_iface.o
 .debug_loc     0x0000a352      0x550 cryptoauthlib/lib/basic/atca_basic.o
 .debug_loc     0x0000a8a2      0x247 cryptoauthlib/lib/basic/atca_basic_genkey.o
 .debug_loc     0x0000aae9      0x441 cryptoauthlib/lib/basic/atca_basic_nonce.o
 .debug_loc     0x0000af2a       0xdb cryptoauthlib/lib/basic/atca_basic_random.o
 .debug_loc     0x0000b005     0x13d8 cryptoauthlib/lib/basic/atca_basic_read.o
 .debug_loc     0x0000c3dd      0x450 cryptoauthlib/lib/basic/atca_basic_sign.o
 .debug_loc     0x0000c82d      0x28a cryptoauthlib/lib/crypto/atca_crypto_sw_sha2.o
 .debug_loc     0x0000cab7     0x10ed cryptoauthlib/lib/crypto/hashes/sha2_routines.o
 .debug_loc     0x0000dba4       0xd1 cryptoauthlib/lib/hal/atca_hal.o
 .debug_loc     0x0000dc75      0x459 cryptoauthlib/lib/hal/hal_atmega4809_i2c.o
 .debug_loc     0x0000e0ce       0xf7 cryptoauthlib/lib/hal/hal_atmega4809_timer.o
 .debug_loc     0x0000e1c5     0x1b2e cryptoauthlib/lib/tls/atcatls.o
 .debug_loc     0x0000fcf3      0x166 main.o
 .debug_loc     0x0000fe59       0x29 src/clkctrl.o
 .debug_loc     0x0000fe82      0x84e src/driver_init.o
 .debug_loc     0x000106d0      0x51e src/i2c_master.o
 .debug_loc     0x00010bee      0x780 src/i2c_simple_master.o
 .debug_loc     0x0001136e       0x98 src/i2c_types.o
 .debug_loc     0x00011406      0x121 src/spi_basic.o
 .debug_loc     0x00011527       0x47 src/usart_basic.o
 .debug_loc     0x0001156e      0x390 winc/bsp/source/nm_bsp_mega.o
 .debug_loc     0x000118fe      0x4bf winc/bus_wrapper/source/nm_bus_wrapper_mega.o
 .debug_loc     0x00011dbd      0x5dc winc/common/source/nm_common.o
 .debug_loc     0x00012399      0x83e winc/driver/source/m2m_hif.o
 .debug_loc     0x00012bd7      0x7f7 winc/driver/source/m2m_ssl.o
 .debug_loc     0x000133ce     0x2bfa winc/driver/source/m2m_wifi.o
 .debug_loc     0x00015fc8      0xb84 winc/driver/source/nmasic.o
 .debug_loc     0x00016b4c      0x766 winc/driver/source/nmbus.o
 .debug_loc     0x000172b2      0x5c5 winc/driver/source/nmdrv.o
 .debug_loc     0x00017877     0x15d1 winc/driver/source/nmspi.o
 .debug_loc     0x00018e48      0xf5f winc/spi_flash/source/spi_flash.o
 .debug_loc     0x00019da7      0x6ec winc_certs_functions.o

.debug_macinfo
 *(.debug_macinfo)

.debug_weaknames
 *(.debug_weaknames)

.debug_funcnames
 *(.debug_funcnames)

.debug_typenames
 *(.debug_typenames)

.debug_varnames
 *(.debug_varnames)

.debug_pubtypes
 *(.debug_pubtypes)

.debug_ranges   0x00000000     0x10f0
 *(.debug_ranges)
 .debug_ranges  0x00000000       0x10 atmel_start.o
 .debug_ranges  0x00000010       0x20 convertions.o
 .debug_ranges  0x00000030       0x80 cryptoauthlib/lib/atcacert/atcacert_client.o
 .debug_ranges  0x000000b0      0x198 cryptoauthlib/lib/atcacert/atcacert_def.o
 .debug_ranges  0x00000248       0x58 cryptoauthlib/lib/atcacert/atcacert_der.o
 .debug_ranges  0x000002a0      0x110 cryptoauthlib/lib/atca_command.o
 .debug_ranges  0x000003b0       0x30 cryptoauthlib/lib/atca_device.o
 .debug_ranges  0x000003e0       0x18 cryptoauthlib/lib/atca_execution.o
 .debug_ranges  0x000003f8       0x68 cryptoauthlib/lib/atca_iface.o
 .debug_ranges  0x00000460       0x68 cryptoauthlib/lib/basic/atca_basic.o
 .debug_ranges  0x000004c8       0x20 cryptoauthlib/lib/basic/atca_basic_genkey.o
 .debug_ranges  0x000004e8       0x28 cryptoauthlib/lib/basic/atca_basic_nonce.o
 .debug_ranges  0x00000510       0x10 cryptoauthlib/lib/basic/atca_basic_random.o
 .debug_ranges  0x00000520       0x58 cryptoauthlib/lib/basic/atca_basic_read.o
 .debug_ranges  0x00000578       0x20 cryptoauthlib/lib/basic/atca_basic_sign.o
 .debug_ranges  0x00000598       0x28 cryptoauthlib/lib/crypto/atca_crypto_sw_sha2.o
 .debug_ranges  0x000005c0       0x30 cryptoauthlib/lib/crypto/hashes/sha2_routines.o
 .debug_ranges  0x000005f0       0x18 cryptoauthlib/lib/hal/atca_hal.o
 .debug_ranges  0x00000608       0x58 cryptoauthlib/lib/hal/hal_atmega4809_i2c.o
 .debug_ranges  0x00000660       0x18 cryptoauthlib/lib/hal/hal_atmega4809_timer.o
 .debug_ranges  0x00000678       0xf8 cryptoauthlib/lib/tls/atcatls.o
 .debug_ranges  0x00000770       0x10 cryptoauthlib_main.o
 .debug_ranges  0x00000780       0x40 main.o
 .debug_ranges  0x000007c0       0x10 src/bod.o
 .debug_ranges  0x000007d0       0x10 src/clkctrl.o
 .debug_ranges  0x000007e0       0x10 src/cpuint.o
 .debug_ranges  0x000007f0       0x30 src/driver_init.o
 .debug_ranges  0x00000820      0x128 src/i2c_master.o
 .debug_ranges  0x00000948       0x68 src/i2c_simple_master.o
 .debug_ranges  0x000009b0       0x28 src/i2c_types.o
 .debug_ranges  0x000009d8       0x10 src/slpctrl.o
 .debug_ranges  0x000009e8       0x40 src/spi_basic.o
 .debug_ranges  0x00000a28       0x68 src/usart_basic.o
 .debug_ranges  0x00000a90       0x48 winc/bsp/source/nm_bsp_mega.o
 .debug_ranges  0x00000ad8       0x28 winc/bus_wrapper/source/nm_bus_wrapper_mega.o
 .debug_ranges  0x00000b00       0x58 winc/common/source/nm_common.o
 .debug_ranges  0x00000b58       0xc0 winc/driver/source/m2m_hif.o
 .debug_ranges  0x00000c18       0x50 winc/driver/source/m2m_ssl.o
 .debug_ranges  0x00000c68      0x1b0 winc/driver/source/m2m_wifi.o
 .debug_ranges  0x00000e18       0xa0 winc/driver/source/nmasic.o
 .debug_ranges  0x00000eb8       0x80 winc/driver/source/nmbus.o
 .debug_ranges  0x00000f38       0x38 winc/driver/source/nmdrv.o
 .debug_ranges  0x00000f70       0x98 winc/driver/source/nmspi.o
 .debug_ranges  0x00001008       0xb8 winc/spi_flash/source/spi_flash.o
 .debug_ranges  0x000010c0       0x30 winc_certs_functions.o

.debug_macro
 *(.debug_macro)
OUTPUT(avr.iot-aws-ecc-provision.elf elf32-avr)
LOAD linker stubs
