Archive member included to satisfy reference by file (symbol)

c:/program files (x86)/atmel/studio/7.0/toolchain/avr8/avr8-gnu-toolchain/bin/../lib/gcc/avr/5.4.0/../../../../avr/lib/avrxmega3\libm.a(addsf3.o)
                              main.o (__addsf3)
c:/program files (x86)/atmel/studio/7.0/toolchain/avr8/avr8-gnu-toolchain/bin/../lib/gcc/avr/5.4.0/../../../../avr/lib/avrxmega3\libm.a(addsf3x.o)
                              c:/program files (x86)/atmel/studio/7.0/toolchain/avr8/avr8-gnu-toolchain/bin/../lib/gcc/avr/5.4.0/../../../../avr/lib/avrxmega3\libm.a(addsf3.o) (__addsf3x)
c:/program files (x86)/atmel/studio/7.0/toolchain/avr8/avr8-gnu-toolchain/bin/../lib/gcc/avr/5.4.0/../../../../avr/lib/avrxmega3\libm.a(divsf3.o)
                              main.o (__divsf3)
c:/program files (x86)/atmel/studio/7.0/toolchain/avr8/avr8-gnu-toolchain/bin/../lib/gcc/avr/5.4.0/../../../../avr/lib/avrxmega3\libm.a(divsf3x.o)
                              c:/program files (x86)/atmel/studio/7.0/toolchain/avr8/avr8-gnu-toolchain/bin/../lib/gcc/avr/5.4.0/../../../../avr/lib/avrxmega3\libm.a(divsf3.o) (__divsf3x)
c:/program files (x86)/atmel/studio/7.0/toolchain/avr8/avr8-gnu-toolchain/bin/../lib/gcc/avr/5.4.0/../../../../avr/lib/avrxmega3\libm.a(fixunssfsi.o)
                              main.o (__fixunssfsi)
c:/program files (x86)/atmel/studio/7.0/toolchain/avr8/avr8-gnu-toolchain/bin/../lib/gcc/avr/5.4.0/../../../../avr/lib/avrxmega3\libm.a(floatsisf.o)
                              main.o (__floatunsisf)
c:/program files (x86)/atmel/studio/7.0/toolchain/avr8/avr8-gnu-toolchain/bin/../lib/gcc/avr/5.4.0/../../../../avr/lib/avrxmega3\libm.a(fp_inf.o)
                              c:/program files (x86)/atmel/studio/7.0/toolchain/avr8/avr8-gnu-toolchain/bin/../lib/gcc/avr/5.4.0/../../../../avr/lib/avrxmega3\libm.a(addsf3x.o) (__fp_inf)
c:/program files (x86)/atmel/studio/7.0/toolchain/avr8/avr8-gnu-toolchain/bin/../lib/gcc/avr/5.4.0/../../../../avr/lib/avrxmega3\libm.a(fp_nan.o)
                              c:/program files (x86)/atmel/studio/7.0/toolchain/avr8/avr8-gnu-toolchain/bin/../lib/gcc/avr/5.4.0/../../../../avr/lib/avrxmega3\libm.a(addsf3x.o) (__fp_nan)
c:/program files (x86)/atmel/studio/7.0/toolchain/avr8/avr8-gnu-toolchain/bin/../lib/gcc/avr/5.4.0/../../../../avr/lib/avrxmega3\libm.a(fp_pscA.o)
                              c:/program files (x86)/atmel/studio/7.0/toolchain/avr8/avr8-gnu-toolchain/bin/../lib/gcc/avr/5.4.0/../../../../avr/lib/avrxmega3\libm.a(addsf3x.o) (__fp_pscA)
c:/program files (x86)/atmel/studio/7.0/toolchain/avr8/avr8-gnu-toolchain/bin/../lib/gcc/avr/5.4.0/../../../../avr/lib/avrxmega3\libm.a(fp_pscB.o)
                              c:/program files (x86)/atmel/studio/7.0/toolchain/avr8/avr8-gnu-toolchain/bin/../lib/gcc/avr/5.4.0/../../../../avr/lib/avrxmega3\libm.a(addsf3x.o) (__fp_pscB)
c:/program files (x86)/atmel/studio/7.0/toolchain/avr8/avr8-gnu-toolchain/bin/../lib/gcc/avr/5.4.0/../../../../avr/lib/avrxmega3\libm.a(fp_round.o)
                              c:/program files (x86)/atmel/studio/7.0/toolchain/avr8/avr8-gnu-toolchain/bin/../lib/gcc/avr/5.4.0/../../../../avr/lib/avrxmega3\libm.a(addsf3.o) (__fp_round)
c:/program files (x86)/atmel/studio/7.0/toolchain/avr8/avr8-gnu-toolchain/bin/../lib/gcc/avr/5.4.0/../../../../avr/lib/avrxmega3\libm.a(fp_split3.o)
                              c:/program files (x86)/atmel/studio/7.0/toolchain/avr8/avr8-gnu-toolchain/bin/../lib/gcc/avr/5.4.0/../../../../avr/lib/avrxmega3\libm.a(addsf3x.o) (__fp_split3)
c:/program files (x86)/atmel/studio/7.0/toolchain/avr8/avr8-gnu-toolchain/bin/../lib/gcc/avr/5.4.0/../../../../avr/lib/avrxmega3\libm.a(fp_zero.o)
                              c:/program files (x86)/atmel/studio/7.0/toolchain/avr8/avr8-gnu-toolchain/bin/../lib/gcc/avr/5.4.0/../../../../avr/lib/avrxmega3\libm.a(addsf3x.o) (__fp_zero)
c:/program files (x86)/atmel/studio/7.0/toolchain/avr8/avr8-gnu-toolchain/bin/../lib/gcc/avr/5.4.0/../../../../avr/lib/avrxmega3\libm.a(mulsf3.o)
                              main.o (__mulsf3)
c:/program files (x86)/atmel/studio/7.0/toolchain/avr8/avr8-gnu-toolchain/bin/../lib/gcc/avr/5.4.0/../../../../avr/lib/avrxmega3\libm.a(mulsf3x.o)
                              c:/program files (x86)/atmel/studio/7.0/toolchain/avr8/avr8-gnu-toolchain/bin/../lib/gcc/avr/5.4.0/../../../../avr/lib/avrxmega3\libm.a(mulsf3.o) (__mulsf3x)
c:/program files (x86)/atmel/studio/7.0/toolchain/avr8/avr8-gnu-toolchain/bin/../lib/gcc/avr/5.4.0/avrxmega3\libgcc.a(_udivmodhi4.o)
                              cryptoauthlib/lib/atcacert/atcacert_client.o (__udivmodhi4)
c:/program files (x86)/atmel/studio/7.0/toolchain/avr8/avr8-gnu-toolchain/bin/../lib/gcc/avr/5.4.0/avrxmega3\libgcc.a(_divmodhi4.o)
                              cloud/api.o (__divmodhi4)
c:/program files (x86)/atmel/studio/7.0/toolchain/avr8/avr8-gnu-toolchain/bin/../lib/gcc/avr/5.4.0/avrxmega3\libgcc.a(_udivmodsi4.o)
[...]
Memory Configuration

Name             Origin             Length             Attributes
text             0x00000000         0x00100000         xr
data             0x00802000         0x0000ffa0         rw !x
eeprom           0x00810000         0x00010000         rw !x
fuse             0x00820000         0x00000009         rw !x
lock             0x00830000         0x00000400         rw !x
signature        0x00840000         0x00000400         rw !x
user_signatures  0x00850000         0x00000400         rw !x
*default*        0x00000000         0xffffffff

Linker script and memory map

Address of section .data set to 0x802800
                0x00004000                __RODATA_PM_OFFSET__ = 0x4000
LOAD C:/Program Files (x86)/Atmel/Studio/7.0/Packs/atmel/ATmega_DFP/1.2.272/gcc/dev/atmega4808/avrxmega3/crtatmega4808.o
LOAD atmel_start.o
LOAD cloud/api.o
LOAD cloud/cli/cli.o
LOAD cloud/cli/cli_io_usart.o
LOAD cloud/core/core.o
LOAD cloud/credentials_storage/credentials_storage.o
LOAD cloud/crypto_client/crypto_client.o
LOAD cloud/mqtt_client/mqtt_client.o
LOAD cloud/network_control/network_control.o
LOAD cryptoauthlib/lib/atcacert/atcacert_client.o
LOAD cryptoauthlib/lib/atcacert/atcacert_date.o
LOAD cryptoauthlib/lib/atcacert/atcacert_def.o
LOAD cryptoauthlib/lib/atcacert/atcacert_der.o
LOAD cryptoauthlib/lib/atcacert/atcacert_host_hw.o
LOAD cryptoauthlib/lib/atcacert/atcacert_host_sw.o
LOAD cryptoauthlib/lib/atca_cfgs.o
LOAD cryptoauthlib/lib/atca_command.o
LOAD cryptoauthlib/lib/atca_device.o
LOAD cryptoauthlib/lib/atca_iface.o
LOAD cryptoauthlib/lib/basic/atca_basic.o
LOAD cryptoauthlib/lib/basic/atca_basic_aes.o
LOAD cryptoauthlib/lib/basic/atca_basic_checkmac.o
LOAD cryptoauthlib/lib/basic/atca_basic_counter.o
LOAD cryptoauthlib/lib/basic/atca_basic_derivekey.o
LOAD cryptoauthlib/lib/basic/atca_basic_ecdh.o
LOAD cryptoauthlib/lib/basic/atca_basic_gendig.o
LOAD cryptoauthlib/lib/basic/atca_basic_genkey.o
LOAD cryptoauthlib/lib/basic/atca_basic_hmac.o
LOAD cryptoauthlib/lib/basic/atca_basic_info.o
LOAD cryptoauthlib/lib/basic/atca_basic_kdf.o
LOAD cryptoauthlib/lib/basic/atca_basic_lock.o
LOAD cryptoauthlib/lib/basic/atca_basic_mac.o
LOAD cryptoauthlib/lib/basic/atca_basic_nonce.o
LOAD cryptoauthlib/lib/basic/atca_basic_privwrite.o
LOAD cryptoauthlib/lib/basic/atca_basic_random.o
LOAD cryptoauthlib/lib/basic/atca_basic_read.o
LOAD cryptoauthlib/lib/basic/atca_basic_secureboot.o
LOAD cryptoauthlib/lib/basic/atca_basic_selftest.o
LOAD cryptoauthlib/lib/basic/atca_basic_sha.o
LOAD cryptoauthlib/lib/basic/atca_basic_sign.o
LOAD cryptoauthlib/lib/basic/atca_basic_updateextra.o
LOAD cryptoauthlib/lib/basic/atca_basic_verify.o
LOAD cryptoauthlib/lib/basic/atca_basic_write.o
LOAD cryptoauthlib/lib/basic/atca_helpers.o
LOAD cryptoauthlib/lib/crypto/atca_crypto_sw_ecdsa.o
LOAD cryptoauthlib/lib/crypto/atca_crypto_sw_rand.o
LOAD cryptoauthlib/lib/crypto/atca_crypto_sw_sha1.o
LOAD cryptoauthlib/lib/crypto/atca_crypto_sw_sha2.o
LOAD cryptoauthlib/lib/crypto/hashes/sha1_routines.o
LOAD cryptoauthlib/lib/crypto/hashes/sha2_routines.o
LOAD cryptoauthlib/lib/hal/atca_hal.o
LOAD cryptoauthlib/lib/hal/hal_atmega4809_i2c.o
LOAD cryptoauthlib/lib/hal/hal_atmega4809_timer.o
LOAD cryptoauthlib/lib/host/atca_host.o
LOAD cryptoauthlib/lib/jwt/atca_jwt.o
LOAD cryptoauthlib/lib/tls/atcatls.o
LOAD cryptoauthlib/lib/tls/atcatls_cfg.o
LOAD cryptoauthlib_main.o
LOAD driver_isr.o
LOAD examples/src/adc_basic_example.o
LOAD examples/src/i2c_master_example.o
LOAD examples/src/spi_basic_example.o
LOAD examples/src/timeout_example.o
LOAD examples/src/usart_basic_example.o
LOAD main.o
LOAD src/adc_basic.o
LOAD src/bod.o
LOAD src/clkctrl.o
LOAD src/cpuint.o
LOAD src/driver_init.o
LOAD src/i2c_master.o
LOAD src/i2c_simple_master.o
LOAD src/i2c_types.o
LOAD src/protected_io.o
LOAD src/slpctrl.o
LOAD src/spi_basic.o
LOAD src/timeout.o
LOAD src/usart_basic.o
LOAD umqtt/umqtt.o
LOAD winc/bsp/source/nm_bsp_mega.o
LOAD winc/bus_wrapper/source/nm_bus_wrapper_mega.o
LOAD winc/common/source/nm_common.o
LOAD winc/driver/source/m2m_ate_mode.o
LOAD winc/driver/source/m2m_crypto.o
LOAD winc/driver/source/m2m_hif.o
LOAD winc/driver/source/m2m_ota.o
LOAD winc/driver/source/m2m_periph.o
LOAD winc/driver/source/m2m_ssl.o
LOAD winc/driver/source/m2m_wifi.o
LOAD winc/driver/source/nmasic.o
LOAD winc/driver/source/nmbus.o
LOAD winc/driver/source/nmdrv.o
LOAD winc/driver/source/nmi2c.o
LOAD winc/driver/source/nmspi.o
LOAD winc/driver/source/nmuart.o
LOAD winc/socket/source/socket.o
LOAD winc/spi_flash/source/spi_flash.o
START GROUP
LOAD c:/program files (x86)/atmel/studio/7.0/toolchain/avr8/avr8-gnu-toolchain/bin/../lib/gcc/avr/5.4.0/../../../../avr/lib/avrxmega3\libm.a
END GROUP
START GROUP
LOAD c:/program files (x86)/atmel/studio/7.0/toolchain/avr8/avr8-gnu-toolchain/bin/../lib/gcc/avr/5.4.0/avrxmega3\libgcc.a
LOAD c:/program files (x86)/atmel/studio/7.0/toolchain/avr8/avr8-gnu-toolchain/bin/../lib/gcc/avr/5.4.0/../../../../avr/lib/avrxmega3\libm.a
LOAD c:/program files (x86)/atmel/studio/7.0/toolchain/avr8/avr8-gnu-toolchain/bin/../lib/gcc/avr/5.4.0/../../../../avr/lib/avrxmega3\libc.a
LOAD C:/Program Files (x86)/Atmel/Studio/7.0/Packs/atmel/ATmega_DFP/1.2.272/gcc/dev/atmega4808/avrxmega3\libatmega4808.a
END GROUP
                0x00100000                __TEXT_REGION_LENGTH__ = DEFINED (__TEXT_REGION_LENGTH__)?__TEXT_REGION_LENGTH__:0x100000
                0x0000ffa0                __DATA_REGION_LENGTH__ = DEFINED (__DATA_REGION_LENGTH__)?__DATA_REGION_LENGTH__:0xffa0
                0x00010000                __EEPROM_REGION_LENGTH__ = DEFINED (__EEPROM_REGION_LENGTH__)?__EEPROM_REGION_LENGTH__:0x10000
                [0x00000009]                __FUSE_REGION_LENGTH__ = DEFINED (__FUSE_REGION_LENGTH__)?__FUSE_REGION_LENGTH__:0x400
                0x00000400                __LOCK_REGION_LENGTH__ = DEFINED (__LOCK_REGION_LENGTH__)?__LOCK_REGION_LENGTH__:0x400
                0x00000400                __SIGNATURE_REGION_LENGTH__ = DEFINED (__SIGNATURE_REGION_LENGTH__)?__SIGNATURE_REGION_LENGTH__:0x400
                0x00000400                __USER_SIGNATURE_REGION_LENGTH__ = DEFINED (__USER_SIGNATURE_REGION_LENGTH__)?__USER_SIGNATURE_REGION_LENGTH__:0x400
                0x00008000                __RODATA_PM_OFFSET__ = DEFINED (__RODATA_PM_OFFSET__)?__RODATA_PM_OFFSET__:0x8000

.hash
 *(.hash)

.dynsym
 *(.dynsym)

.dynstr
 *(.dynstr)

.gnu.version
 *(.gnu.version)

.gnu.version_d
 *(.gnu.version_d)

.gnu.version_r
 *(.gnu.version_r)

.rel.init
 *(.rel.init)

.rela.init
 *(.rela.init)

.rel.text
 *(.rel.text)
 *(.rel.text.*)
 *(.rel.gnu.linkonce.t*)

.rela.text
 *(.rela.text)
 *(.rela.text.*)
 *(.rela.gnu.linkonce.t*)

.rel.fini
 *(.rel.fini)

.rela.fini
 *(.rela.fini)

.rel.rodata
 *(.rel.rodata)
 *(.rel.rodata.*)
 *(.rel.gnu.linkonce.r*)

.rela.rodata
 *(.rela.rodata)
 *(.rela.rodata.*)
 *(.rela.gnu.linkonce.r*)

.rel.data
 *(.rel.data)
 *(.rel.data.*)
 *(.rel.gnu.linkonce.d*)

.rela.data
 *(.rela.data)
 *(.rela.data.*)
 *(.rela.gnu.linkonce.d*)

.rel.ctors
 *(.rel.ctors)

.rela.ctors
 *(.rela.ctors)

.rel.dtors
 *(.rel.dtors)

.rela.dtors
 *(.rela.dtors)

.rel.got
 *(.rel.got)

.rela.got
 *(.rela.got)

.rel.bss
 *(.rel.bss)

.rela.bss
 *(.rela.bss)

.rel.plt
 *(.rel.plt)

.rela.plt
 *(.rela.plt)

.text           0x00000000     0x271c
 *(.vectors)
 .vectors       0x00000000       0x90 C:/Program Files (x86)/Atmel/Studio/7.0/Packs/atmel/ATmega_DFP/1.2.272/gcc/dev/atmega4808/avrxmega3/crtatmega4808.o
                0x00000000                __vector_default
                0x00000000                __vectors
 *(.vectors)
 *(.progmem.gcc*)
 .progmem.gcc_sw_table.spi_cmd
                0x00000090       0x1e winc/driver/source/nmspi.o
                0x000000ae                . = ALIGN (0x2)
                0x000000ae                __trampolines_start = .
 *(.trampolines)
 .trampolines   0x000000ae        0x0 linker stubs
 *(.trampolines*)
                0x000000ae                __trampolines_end = .
 *libprintf_flt.a:*(.progmem.data)
 *libc.a:*(.progmem.data)
 *(.progmem*)
 .progmem.data.crc7_syndrome_table
                0x000000ae      0x100 winc/driver/source/nmspi.o
                0x000001ae                . = ALIGN (0x2)
 *(.jumptables)
 *(.jumptables*)
 *(.lowtext)
 *(.lowtext*)
                0x000001ae                __ctors_start = .
 *(.ctors)
                0x000001ae                __ctors_end = .
                0x000001ae                __dtors_start = .
 *(.dtors)
                0x000001ae                __dtors_end = .
 SORT(*)(.ctors)
 SORT(*)(.dtors)
 *(.init0)
 .init0         0x000001ae        0x0 C:/Program Files (x86)/Atmel/Studio/7.0/Packs/atmel/ATmega_DFP/1.2.272/gcc/dev/atmega4808/avrxmega3/crtatmega4808.o
                0x000001ae                __init
 *(.init0)
 *(.init1)
 *(.init1)
 *(.init2)
 .init2         0x000001ae        0xc C:/Program Files (x86)/Atmel/Studio/7.0/Packs/atmel/ATmega_DFP/1.2.272/gcc/dev/atmega4808/avrxmega3/crtatmega4808.o
 *(.init2)
 *(.init3)
 *(.init3)
 *(.init4)
 .init4         0x000001ba       0x16 c:/program files (x86)/atmel/studio/7.0/toolchain/avr8/avr8-gnu-toolchain/bin/../lib/gcc/avr/5.4.0/avrxmega3\libgcc.a(_copy_data.o)
                0x000001ba                __do_copy_data
 .init4         0x000001d0       0x10 c:/program files (x86)/atmel/studio/7.0/toolchain/avr8/avr8-gnu-toolchain/bin/../lib/gcc/avr/5.4.0/avrxmega3\libgcc.a(_clear_bss.o)
                0x000001d0                __do_clear_bss
 *(.init4)
 *(.init5)
 *(.init5)
 *(.init6)
 *(.init6)
 *(.init7)
 *(.init7)
 *(.init8)
 *(.init8)
 *(.init9)
 .init9         0x000001e0        0x8 C:/Program Files (x86)/Atmel/Studio/7.0/Packs/atmel/ATmega_DFP/1.2.272/gcc/dev/atmega4808/avrxmega3/crtatmega4808.o
 *(.init9)
 *(.text)
 .text          0x000001e8        0x4 C:/Program Files (x86)/Atmel/Studio/7.0/Packs/atmel/ATmega_DFP/1.2.272/gcc/dev/atmega4808/avrxmega3/crtatmega4808.o
                0x000001e8                __vector_22
                0x000001e8                __vector_28
                0x000001e8                __vector_1
                0x000001e8                __vector_34
                0x000001e8                __vector_24
                0x000001e8                __vector_12
                0x000001e8                __bad_interrupt
                0x000001e8                __vector_6
                0x000001e8                __vector_35
                0x000001e8                __vector_23
                0x000001e8                __vector_30
                0x000001e8                __vector_25
                0x000001e8                __vector_11
                0x000001e8                __vector_13
                0x000001e8                __vector_17
                0x000001e8                __vector_19
                0x000001e8                __vector_7
                0x000001e8                __vector_27
                0x000001e8                __vector_5
                0x000001e8                __vector_33
                0x000001e8                __vector_4
                0x000001e8                __vector_9
                0x000001e8                __vector_2
                0x000001e8                __vector_21
                0x000001e8                __vector_8
                0x000001e8                __vector_26
                0x000001e8                __vector_14
                0x000001e8                __vector_10
                0x000001e8                __vector_16
                0x000001e8                __vector_18
                0x000001e8                __vector_20
                0x000001ec                . = ALIGN (0x2)
 *(.text.*)
 .text.usart_receive_handler
                0x000001ec       0x12 main.o
 .text.usart_read_buffer
                0x000001fe       0x2c main.o
 .text.usart_write_buffer
                0x0000022a       0x28 main.o
 .text.usart_tx_complete_handler
                0x00000252       0x32 main.o
 .text.usart_rx_complete_handler
                0x00000284       0x28 main.o
 .text.nm_usart_protocol_handler
                0x000002ac      0x2de main.o
 .text.startup.main
                0x0000058a      0x2a8 main.o
                0x0000058a                main
 .text.ADC_0_init
                0x00000832       0x14 src/adc_basic.o
                0x00000832                ADC_0_init
 .text.BOD_init
                0x00000846        0x4 src/bod.o
                0x00000846                BOD_init
 .text.CLKCTRL_init
                0x0000084a       0x10 src/clkctrl.o
                0x0000084a                CLKCTRL_init
 .text.CPUINT_init
                0x0000085a        0x6 src/cpuint.o
                0x0000085a                CPUINT_init
 .text.mcu_init
                0x00000860       0x6e src/driver_init.o
                0x00000860                mcu_init
 .text.ADC_0_initialization
                0x000008ce       0x16 src/driver_init.o
                0x000008ce                ADC_0_initialization
 .text.USART_0_initialization
                0x000008e4       0x14 src/driver_init.o
                0x000008e4                USART_0_initialization
 .text.SPI_0_initialization
                0x000008f8       0x18 src/driver_init.o
                0x000008f8                SPI_0_initialization
 .text.I2C_0_initialization
                0x00000910       0x38 src/driver_init.o
                0x00000910                I2C_0_initialization
 .text.system_init
                0x00000948       0x7c src/driver_init.o
                0x00000948                system_init
 .text.I2C_0_do_I2C_RESET
                0x000009c4       0x20 src/i2c_master.o
 .text.I2C_0_do_I2C_IDLE
                0x000009e4       0x10 src/i2c_master.o
 .text.I2C_0_do_I2C_SEND_STOP
                0x000009f4       0x1a src/i2c_master.o
 .text.I2C_0_do_I2C_SEND_ADR_READ
                0x00000a0e       0x18 src/i2c_master.o
 .text.I2C_0_do_I2C_SEND_RESTART
                0x00000a26        0x4 src/i2c_master.o
 .text.I2C_0_do_I2C_SEND_ADR_WRITE
                0x00000a2a       0x16 src/i2c_master.o
 .text.I2C_0_do_I2C_SEND_RESTART_WRITE
                0x00000a40        0x4 src/i2c_master.o
 .text.I2C_0_do_I2C_DO_ADDRESS_NACK
                0x00000a44       0x36 src/i2c_master.o
 .text.I2C_0_do_I2C_RX_DO_ACK
                0x00000a7a        0xe src/i2c_master.o
 .text.I2C_0_do_I2C_TX_DO_ACK
                0x00000a88        0xe src/i2c_master.o
 .text.I2C_0_do_I2C_DO_NACK_STOP
                0x00000a96       0x20 src/i2c_master.o
 .text.I2C_0_do_I2C_DO_NACK_RESTART
                0x00000ab6        0xe src/i2c_master.o
 .text.I2C_0_do_I2C_BUS_COLLISION
                0x00000ac4       0x36 src/i2c_master.o
 .text.I2C_0_do_I2C_BUS_ERROR
                0x00000afa       0x22 src/i2c_master.o
 .text.I2C_0_master_isr
                0x00000b1c       0x58 src/i2c_master.o
 .text.I2C_0_do_I2C_TX
                0x00000b74       0x70 src/i2c_master.o
 .text.I2C_0_do_I2C_RX
                0x00000be4       0xa4 src/i2c_master.o
 .text.I2C_0_do_I2C_TX_EMPTY
                0x00000c88       0x5c src/i2c_master.o
 .text.I2C_0_do_I2C_SEND_RESTART_READ
                0x00000ce4        0x4 src/i2c_master.o
 .text.I2C_0_init
                0x00000ce8       0x10 src/i2c_master.o
                0x00000ce8                I2C_0_init
 .text.__vector_15
                0x00000cf8       0x48 src/i2c_master.o
                0x00000cf8                __vector_15
 .text.protected_write_io
                0x00000d40        0xa src/protected_io.o
                0x00000d40                protected_write_io
 .text.SLPCTRL_init
                0x00000d4a        0x4 src/slpctrl.o
                0x00000d4a                SLPCTRL_init
 .text.SPI_0_init
                0x00000d4e        0xc src/spi_basic.o
                0x00000d4e                SPI_0_init
 .text.SPI_0_enable
                0x00000d5a        0xc src/spi_basic.o
                0x00000d5a                SPI_0_enable
 .text.SPI_0_exchange_byte
                0x00000d66       0x1c src/spi_basic.o
                0x00000d66                SPI_0_exchange_byte
 .text.scheduler_dummy_handler
                0x00000d82        0x8 src/timeout.o
                0x00000d82                scheduler_dummy_handler
 .text.scheduler_timeout_init
                0x00000d8a       0x18 src/timeout.o
                0x00000d8a                scheduler_timeout_init
 .text.scheduler_stop_timeouts
                0x00000da2       0x20 src/timeout.o
                0x00000da2                scheduler_stop_timeouts
 .text.scheduler_set_timer_duration
                0x00000dc2       0x5e src/timeout.o
                0x00000dc2                scheduler_set_timer_duration
 .text.scheduler_start_timer_at_head
                0x00000e20       0xae src/timeout.o
                0x00000e20                scheduler_start_timer_at_head
 .text.scheduler_enqueue_callback
                0x00000ece       0x30 src/timeout.o
                0x00000ece                scheduler_enqueue_callback
 .text.__vector_3
                0x00000efe       0xa0 src/timeout.o
                0x00000efe                __vector_3
 .text.default_rx_isr
                0x00000f9e       0x28 src/usart_basic.o
                0x00000f9e                default_rx_isr
 .text.default_udre_isr
                0x00000fc6       0x66 src/usart_basic.o
                0x00000fc6                default_udre_isr
 .text.USART_0_set_ISR_cb
                0x0000102c       0x1e src/usart_basic.o
                0x0000102c                USART_0_set_ISR_cb
 .text.__vector_31
                0x0000104a       0x4e src/usart_basic.o
                0x0000104a                __vector_31
 .text.__vector_32
                0x00001098       0x4e src/usart_basic.o
                0x00001098                __vector_32
 .text.USART_0_is_tx_ready
                0x000010e6        0xe src/usart_basic.o
                0x000010e6                USART_0_is_tx_ready
 .text.USART_0_is_rx_ready
                0x000010f4        0xe src/usart_basic.o
                0x000010f4                USART_0_is_rx_ready
 .text.USART_0_read
                0x00001102       0x32 src/usart_basic.o
                0x00001102                USART_0_read
 .text.USART_0_write
                0x00001134       0x3e src/usart_basic.o
                0x00001134                USART_0_write
 .text.USART_0_printCHAR
                0x00001172        0xa src/usart_basic.o
                0x00001172                USART_0_printCHAR
 .text.USART_0_init
                0x0000117c       0x38 src/usart_basic.o
                0x0000117c                USART_0_init
 .text.__vector_29
                0x000011b4       0x5a winc/bsp/source/nm_bsp_mega.o
                0x000011b4                __vector_29
 .text.nm_bsp_sleep
                0x0000120e       0x22 winc/bsp/source/nm_bsp_mega.o
                0x0000120e                nm_bsp_sleep
 .text.nm_bsp_reset
                0x00001230       0x22 winc/bsp/source/nm_bsp_mega.o
                0x00001230                nm_bsp_reset
 .text.nm_bsp_init
                0x00001252       0x18 winc/bsp/source/nm_bsp_mega.o
                0x00001252                nm_bsp_init
 .text.nm_bus_init
                0x0000126a       0x2a winc/bus_wrapper/source/nm_bus_wrapper_mega.o
                0x0000126a                nm_bus_init
 .text.nm_bus_ioctl
                0x00001294       0xa6 winc/bus_wrapper/source/nm_bus_wrapper_mega.o
                0x00001294                nm_bus_ioctl
 .text.m2m_wifi_download_mode
                0x0000133a       0x16 winc/driver/source/m2m_wifi.o
                0x0000133a                m2m_wifi_download_mode
 .text.enable_interrupts
                0x00001350       0x94 winc/driver/source/nmasic.o
                0x00001350                enable_interrupts
 .text.nmi_get_chipid
                0x000013e4      0x15a winc/driver/source/nmasic.o
                0x000013e4                nmi_get_chipid
 .text.chip_wake
                0x0000153e       0xfc winc/driver/source/nmasic.o
                0x0000153e                chip_wake
 .text.cpu_halt
                0x0000163a       0xb6 winc/driver/source/nmasic.o
                0x0000163a                cpu_halt
 .text.chip_reset
                0x000016f0       0x28 winc/driver/source/nmasic.o
                0x000016f0                chip_reset
 .text.chip_reset_and_cpu_halt
                0x00001718       0x16 winc/driver/source/nmasic.o
                0x00001718                chip_reset_and_cpu_halt
 .text.nm_bus_iface_init
                0x0000172e        0x4 winc/driver/source/nmbus.o
                0x0000172e                nm_bus_iface_init
 .text.nm_bus_reset
                0x00001732        0x4 winc/driver/source/nmbus.o
                0x00001732                nm_bus_reset
 .text.nm_read_reg
                0x00001736        0x4 winc/driver/source/nmbus.o
                0x00001736                nm_read_reg
 .text.nm_read_reg_with_ret
                0x0000173a        0x4 winc/driver/source/nmbus.o
                0x0000173a                nm_read_reg_with_ret
 .text.nm_write_reg
                0x0000173e        0x4 winc/driver/source/nmbus.o
                0x0000173e                nm_write_reg
 .text.nm_read_block
                0x00001742       0xfa winc/driver/source/nmbus.o
                0x00001742                nm_read_block
 .text.nm_write_block
                0x0000183c       0xfa winc/driver/source/nmbus.o
                0x0000183c                nm_write_block
 .text.nm_drv_init_download_mode
                0x00001936       0x46 winc/driver/source/nmdrv.o
                0x00001936                nm_drv_init_download_mode
 .text.nmi_spi_write
                0x0000197c       0x32 winc/driver/source/nmspi.o
 .text.nmi_spi_read
                0x000019ae       0x32 winc/driver/source/nmspi.o
 .text.spi_cmd_rsp
                0x000019e0       0x7a winc/driver/source/nmspi.o
 .text.spi_data_read
                0x00001a5a       0xce winc/driver/source/nmspi.o
 .text.spi_cmd  0x00001b28      0x12c winc/driver/source/nmspi.o
 .text.spi_write_reg
                0x00001c54       0xfc winc/driver/source/nmspi.o
 .text.spi_read_reg
                0x00001d50      0x12e winc/driver/source/nmspi.o
 .text.nm_spi_reset
                0x00001e7e       0x40 winc/driver/source/nmspi.o
                0x00001e7e                nm_spi_reset
 .text.nm_spi_read_reg
                0x00001ebe       0x2a winc/driver/source/nmspi.o
                0x00001ebe                nm_spi_read_reg
 .text.nm_spi_read_reg_with_ret
                0x00001ee8       0x10 winc/driver/source/nmspi.o
                0x00001ee8                nm_spi_read_reg_with_ret
 .text.nm_spi_write_reg
                0x00001ef8       0x10 winc/driver/source/nmspi.o
                0x00001ef8                nm_spi_write_reg
 .text.nm_spi_init
                0x00001f08       0xd2 winc/driver/source/nmspi.o
                0x00001f08                nm_spi_init
 .text.nm_spi_read_block
                0x00001fda      0x11e winc/driver/source/nmspi.o
                0x00001fda                nm_spi_read_block
 .text.nm_spi_write_block
                0x000020f8      0x1a2 winc/driver/source/nmspi.o
                0x000020f8                nm_spi_write_block
 .text.avr-libc.fplib
                0x0000229a        0xe c:/program files (x86)/atmel/studio/7.0/toolchain/avr8/avr8-gnu-toolchain/bin/../lib/gcc/avr/5.4.0/../../../../avr/lib/avrxmega3\libm.a(addsf3.o)
                0x0000229a                __subsf3
                0x0000229c                __addsf3
 .text.avr-libc.fplib
                0x000022a8       0xcc c:/program files (x86)/atmel/studio/7.0/toolchain/avr8/avr8-gnu-toolchain/bin/../lib/gcc/avr/5.4.0/../../../../avr/lib/avrxmega3\libm.a(addsf3x.o)
                0x000022ca                __addsf3x
 .text.avr-libc.fplib
                0x00002374        0x8 c:/program files (x86)/atmel/studio/7.0/toolchain/avr8/avr8-gnu-toolchain/bin/../lib/gcc/avr/5.4.0/../../../../avr/lib/avrxmega3\libm.a(divsf3.o)
                0x00002374                __divsf3
 .text.avr-libc.fplib
                0x0000237c       0xdc c:/program files (x86)/atmel/studio/7.0/toolchain/avr8/avr8-gnu-toolchain/bin/../lib/gcc/avr/5.4.0/../../../../avr/lib/avrxmega3\libm.a(divsf3x.o)
                0x0000239c                __divsf3x
                0x000023a2                __divsf3_pse
 .text.avr-libc.fplib
                0x00002458       0x5e c:/program files (x86)/atmel/studio/7.0/toolchain/avr8/avr8-gnu-toolchain/bin/../lib/gcc/avr/5.4.0/../../../../avr/lib/avrxmega3\libm.a(fixunssfsi.o)
                0x00002458                __fixunssfsi
 .text.avr-libc.fplib
                0x000024b6       0x7a c:/program files (x86)/atmel/studio/7.0/toolchain/avr8/avr8-gnu-toolchain/bin/../lib/gcc/avr/5.4.0/../../../../avr/lib/avrxmega3\libm.a(floatsisf.o)
                0x000024b6                __floatunsisf
                0x000024ba                __floatsisf
 .text.avr-libc.fplib
                0x00002530        0xc c:/program files (x86)/atmel/studio/7.0/toolchain/avr8/avr8-gnu-toolchain/bin/../lib/gcc/avr/5.4.0/../../../../avr/lib/avrxmega3\libm.a(fp_inf.o)
                0x00002530                __fp_inf
 .text.avr-libc.fplib
                0x0000253c        0x6 c:/program files (x86)/atmel/studio/7.0/toolchain/avr8/avr8-gnu-toolchain/bin/../lib/gcc/avr/5.4.0/../../../../avr/lib/avrxmega3\libm.a(fp_nan.o)
                0x0000253c                __fp_nan
 .text.avr-libc.fplib
                0x00002542        0xe c:/program files (x86)/atmel/studio/7.0/toolchain/avr8/avr8-gnu-toolchain/bin/../lib/gcc/avr/5.4.0/../../../../avr/lib/avrxmega3\libm.a(fp_pscA.o)
                0x00002542                __fp_pscA
 .text.avr-libc.fplib
                0x00002550        0xe c:/program files (x86)/atmel/studio/7.0/toolchain/avr8/avr8-gnu-toolchain/bin/../lib/gcc/avr/5.4.0/../../../../avr/lib/avrxmega3\libm.a(fp_pscB.o)
                0x00002550                __fp_pscB
 .text.avr-libc.fplib
                0x0000255e       0x22 c:/program files (x86)/atmel/studio/7.0/toolchain/avr8/avr8-gnu-toolchain/bin/../lib/gcc/avr/5.4.0/../../../../avr/lib/avrxmega3\libm.a(fp_round.o)
                0x0000255e                __fp_round
 .text.avr-libc.fplib
                0x00002580       0x44 c:/program files (x86)/atmel/studio/7.0/toolchain/avr8/avr8-gnu-toolchain/bin/../lib/gcc/avr/5.4.0/../../../../avr/lib/avrxmega3\libm.a(fp_split3.o)
                0x00002580                __fp_split3
                0x00002590                __fp_splitA
 .text.avr-libc.fplib
                0x000025c4        0xe c:/program files (x86)/atmel/studio/7.0/toolchain/avr8/avr8-gnu-toolchain/bin/../lib/gcc/avr/5.4.0/../../../../avr/lib/avrxmega3\libm.a(fp_zero.o)
                0x000025c4                __fp_zero
                0x000025c6                __fp_szero
 .text.avr-libc.fplib
                0x000025d2        0x8 c:/program files (x86)/atmel/studio/7.0/toolchain/avr8/avr8-gnu-toolchain/bin/../lib/gcc/avr/5.4.0/../../../../avr/lib/avrxmega3\libm.a(mulsf3.o)
                0x000025d2                __mulsf3
 .text.avr-libc.fplib
                0x000025da       0xd2 c:/program files (x86)/atmel/studio/7.0/toolchain/avr8/avr8-gnu-toolchain/bin/../lib/gcc/avr/5.4.0/../../../../avr/lib/avrxmega3\libm.a(mulsf3x.o)
                0x000025f8                __mulsf3x
                0x000025fe                __mulsf3_pse
 .text.libgcc   0x000026ac        0xc c:/program files (x86)/atmel/studio/7.0/toolchain/avr8/avr8-gnu-toolchain/bin/../lib/gcc/avr/5.4.0/avrxmega3\libgcc.a(_tablejump2.o)
                0x000026ac                __tablejump2__
 .text.avr-libc
                0x000026b8       0x60 c:/program files (x86)/atmel/studio/7.0/toolchain/avr8/avr8-gnu-toolchain/bin/../lib/gcc/avr/5.4.0/../../../../avr/lib/avrxmega3\libc.a(puts.o)
                0x000026b8                puts
                0x00002718                . = ALIGN (0x2)
 *(.fini9)
 .fini9         0x00002718        0x0 c:/program files (x86)/atmel/studio/7.0/toolchain/avr8/avr8-gnu-toolchain/bin/../lib/gcc/avr/5.4.0/avrxmega3\libgcc.a(_exit.o)
                0x00002718                _exit
                0x00002718                exit
 *(.fini9)
 *(.fini8)
 *(.fini8)
 *(.fini7)
 *(.fini7)
 *(.fini6)
 *(.fini6)
 *(.fini5)
 *(.fini5)
 *(.fini4)
 *(.fini4)
 *(.fini3)
 *(.fini3)
 *(.fini2)
 *(.fini2)
 *(.fini1)
 *(.fini1)
 *(.fini0)
 .fini0         0x00002718        0x4 c:/program files (x86)/atmel/studio/7.0/toolchain/avr8/avr8-gnu-toolchain/bin/../lib/gcc/avr/5.4.0/avrxmega3\libgcc.a(_exit.o)
 *(.fini0)
                0x0000271c                _etext = .

.rodata         0x0000671c       0x2f load address 0x0000271c
 *(.rodata)
 *(.rodata*)
 .rodata.str1.1
                0x0000671c       0x2f main.o
 *(.gnu.linkonce.r*)

.data           0x00802800       0x42 load address 0x0000274b
                0x00802800                PROVIDE (__data_start, .)
 *(.data)
 *(.data*)
 .data.I2C_0_fsmStateTable
                0x00802800       0x24 src/i2c_master.o
                0x00802800                I2C_0_fsmStateTable
 .data.scheduler_dummy
                0x00802824        0xa src/timeout.o
                0x00802824                scheduler_dummy
 .data.udre_isr_cb
                0x0080282e        0x2 src/usart_basic.o
                0x0080282e                udre_isr_cb
 .data.rx_isr_cb
                0x00802830        0x2 src/usart_basic.o
                0x00802830                rx_isr_cb
 .data.USART_0_stream
                0x00802832        0xe src/usart_basic.o
                0x00802832                USART_0_stream
 .data.egstrNmBusCapabilities
                0x00802840        0x2 winc/bus_wrapper/source/nm_bus_wrapper_mega.o
                0x00802840                egstrNmBusCapabilities
 *(.gnu.linkonce.d*)
                0x00802842                . = ALIGN (0x2)
                0x00802842                _edata = .
                0x00802842                PROVIDE (__data_end, .)

.bss            0x00802842      0x2ab
                0x00802842                PROVIDE (__bss_start, .)
 *(.bss)
 *(.bss*)
 .bss.payload_length.5512
                0x00802842        0x2 main.o
 .bss.rx_data   0x00802844        0x1 main.o
 .bss.buffer    0x00802845       0x1e main.o
 .bss.uart_reconfigure
                0x00802863        0x1 main.o
 .bss.change_state
                0x00802864        0x1 main.o
 .bss.new_state
                0x00802865        0x1 main.o
 .bss.usart_prot_handler_status
                0x00802866        0x1 main.o
 .bss.usart_pkt
                0x00802867        0x2 main.o
 .bss.schedule_rx_buffer
                0x00802869        0x2 main.o
 .bss.schedule_rx
                0x0080286b        0x1 main.o
 .bss.schedule_rx_length
                0x0080286c        0x1 main.o
 .bss.uart_cmd  0x0080286d        0xc main.o
 .bss.uart_cmd_buf
                0x00802879        0x2 main.o
 .bss.usart_err_on_reception
                0x0080287b        0x1 main.o
 .bss.usart_pkt_received
                0x0080287c        0x1 main.o
 .bss.serial_command_pending
                0x0080287d        0x1 main.o
 .bss.usart_tx_buffer
                0x0080287e       0x10 main.o
 .bss.usart_payload_buffer
                0x0080288e      0x200 main.o
 .bss.usart_cmd_recv_buffer
                0x00802a8e        0x8 main.o
 .bss.I2C_0_status
                0x00802a96       0x24 src/i2c_master.o
                0x00802a96                I2C_0_status
 .bss.SPI_0_desc
                0x00802aba        0x1 src/spi_basic.o
 .bss.scheduler_is_running
                0x00802abb        0x1 src/timeout.o
                0x00802abb                scheduler_is_running
 .bss.scheduler_last_timer_load
                0x00802abc        0x4 src/timeout.o
                0x00802abc                scheduler_last_timer_load
 .bss.scheduler_absolute_time_of_last_timeout
                0x00802ac0        0x4 src/timeout.o
                0x00802ac0                scheduler_absolute_time_of_last_timeout
 .bss.scheduler_execute_queue_head
                0x00802ac4        0x2 src/timeout.o
                0x00802ac4                scheduler_execute_queue_head
 .bss.scheduler_list_head
                0x00802ac6        0x2 src/timeout.o
                0x00802ac6                scheduler_list_head
 .bss.ij        0x00802ac8        0x2 src/usart_basic.o
                0x00802ac8                ij
 .bss.USART_0_tx_elements
                0x00802aca        0x1 src/usart_basic.o
 .bss.USART_0_tx_tail
                0x00802acb        0x1 src/usart_basic.o
 .bss.USART_0_tx_head
                0x00802acc        0x1 src/usart_basic.o
 .bss.USART_0_txbuf
                0x00802acd        0x8 src/usart_basic.o
 .bss.USART_0_rx_elements
                0x00802ad5        0x1 src/usart_basic.o
 .bss.USART_0_rx_tail
                0x00802ad6        0x1 src/usart_basic.o
 .bss.USART_0_rx_head
                0x00802ad7        0x1 src/usart_basic.o
 .bss.USART_0_rxbuf
                0x00802ad8        0x8 src/usart_basic.o
 .bss.gpfIsr    0x00802ae0        0x2 winc/bsp/source/nm_bsp_mega.o
 .bss.chipid.2327
                0x00802ae2        0x4 winc/driver/source/nmasic.o
 .bss.gu8Crc_off
                0x00802ae6        0x1 winc/driver/source/nmspi.o
 *(COMMON)
 COMMON         0x00802ae7        0x6 c:/program files (x86)/atmel/studio/7.0/toolchain/avr8/avr8-gnu-toolchain/bin/../lib/gcc/avr/5.4.0/../../../../avr/lib/avrxmega3\libc.a(iob.o)
                0x00802ae7                __iob
                0x00802aed                PROVIDE (__bss_end, .)
                0x0000274b                __data_load_start = LOADADDR (.data)
                0x0000278d                __data_load_end = (__data_load_start + SIZEOF (.data))

.noinit         0x00802aed        0x0
                [!provide]                PROVIDE (__noinit_start, .)
 *(.noinit*)
                [!provide]                PROVIDE (__noinit_end, .)
                0x00802aed                _end = .
                0x00802aed                PROVIDE (__heap_start, .)

.eeprom         0x00810000        0x0
 *(.eeprom*)
                0x00810000                __eeprom_end = .

.fuse
 *(.fuse)
 *(.lfuse)
 *(.hfuse)
 *(.efuse)

.lock
 *(.lock*)

.signature
 *(.signature*)

.user_signatures
 *(.user_signatures*)

.stab
 *(.stab)

.stabstr
 *(.stabstr)

.stab.excl
 *(.stab.excl)

.stab.exclstr
 *(.stab.exclstr)

.stab.index
 *(.stab.index)

.stab.indexstr
 *(.stab.indexstr)

.comment        0x00000000       0x30
 *(.comment)
 .comment       0x00000000       0x30 main.o
                                 0x31 (size before relaxing)
 .comment       0x00000030       0x31 src/adc_basic.o
 .comment       0x00000030       0x31 src/bod.o
 .comment       0x00000030       0x31 src/clkctrl.o
 .comment       0x00000030       0x31 src/cpuint.o
 .comment       0x00000030       0x31 src/driver_init.o
 .comment       0x00000030       0x31 src/i2c_master.o
 .comment       0x00000030       0x31 src/slpctrl.o
 .comment       0x00000030       0x31 src/spi_basic.o
 .comment       0x00000030       0x31 src/timeout.o
 .comment       0x00000030       0x31 src/usart_basic.o
 .comment       0x00000030       0x31 winc/bsp/source/nm_bsp_mega.o
 .comment       0x00000030       0x31 winc/bus_wrapper/source/nm_bus_wrapper_mega.o
 .comment       0x00000030       0x31 winc/driver/source/m2m_wifi.o
 .comment       0x00000030       0x31 winc/driver/source/nmasic.o
 .comment       0x00000030       0x31 winc/driver/source/nmbus.o
 .comment       0x00000030       0x31 winc/driver/source/nmdrv.o
 .comment       0x00000030       0x31 winc/driver/source/nmspi.o
 .comment       0x00000030       0x31 c:/program files (x86)/atmel/studio/7.0/toolchain/avr8/avr8-gnu-toolchain/bin/../lib/gcc/avr/5.4.0/../../../../avr/lib/avrxmega3\libc.a(iob.o)
 .comment       0x00000030       0x31 c:/program files (x86)/atmel/studio/7.0/toolchain/avr8/avr8-gnu-toolchain/bin/../lib/gcc/avr/5.4.0/../../../../avr/lib/avrxmega3\libc.a(puts.o)

.note.gnu.avr.deviceinfo
                0x00000000       0x40
 .note.gnu.avr.deviceinfo
                0x00000000       0x40 C:/Program Files (x86)/Atmel/Studio/7.0/Packs/atmel/ATmega_DFP/1.2.272/gcc/dev/atmega4808/avrxmega3/crtatmega4808.o

.note.gnu.build-id
 *(.note.gnu.build-id)

.debug
 *(.debug)

.line
 *(.line)

.debug_srcinfo
 *(.debug_srcinfo)

.debug_sfnames
 *(.debug_sfnames)

.debug_aranges  0x00000000      0x888
 *(.debug_aranges)
 .debug_aranges
                0x00000000       0x50 main.o
 .debug_aranges
                0x00000050       0x58 src/adc_basic.o
 .debug_aranges
                0x000000a8       0x20 src/bod.o
 .debug_aranges
                0x000000c8       0x20 src/clkctrl.o
 .debug_aranges
                0x000000e8       0x20 src/cpuint.o
 .debug_aranges
                0x00000108       0x48 src/driver_init.o
 .debug_aranges
                0x00000150      0x138 src/i2c_master.o
 .debug_aranges
                0x00000288       0x20 src/protected_io.o
 .debug_aranges
                0x000002a8       0x20 src/slpctrl.o
 .debug_aranges
                0x000002c8       0x50 src/spi_basic.o
 .debug_aranges
                0x00000318       0x98 src/timeout.o
 .debug_aranges
                0x000003b0       0xa0 src/usart_basic.o
 .debug_aranges
                0x00000450       0x58 winc/bsp/source/nm_bsp_mega.o
 .debug_aranges
                0x000004a8       0x38 winc/bus_wrapper/source/nm_bus_wrapper_mega.o
 .debug_aranges
                0x000004e0      0x1c0 winc/driver/source/m2m_wifi.o
 .debug_aranges
                0x000006a0       0xb0 winc/driver/source/nmasic.o
 .debug_aranges
                0x00000750       0x60 winc/driver/source/nmbus.o
 .debug_aranges
                0x000007b0       0x48 winc/driver/source/nmdrv.o
 .debug_aranges
                0x000007f8       0x90 winc/driver/source/nmspi.o

.debug_pubnames
 *(.debug_pubnames)

.debug_info     0x00000000     0xf155
 *(.debug_info .gnu.linkonce.wi.*)
 .debug_info    0x00000000     0x233c C:/Program Files (x86)/Atmel/Studio/7.0/Packs/atmel/ATmega_DFP/1.2.272/gcc/dev/atmega4808/avrxmega3/crtatmega4808.o
 .debug_info    0x0000233c      0x9af main.o
 .debug_info    0x00002ceb      0x4fa src/adc_basic.o
 .debug_info    0x000031e5       0x8d src/bod.o
 .debug_info    0x00003272      0x38e src/clkctrl.o
 .debug_info    0x00003600       0x8d src/cpuint.o
 .debug_info    0x0000368d     0x1b21 src/driver_init.o
 .debug_info    0x000051ae      0xd23 src/i2c_master.o
 .debug_info    0x00005ed1       0xce src/protected_io.o
 .debug_info    0x00005f9f       0x8d src/slpctrl.o
 .debug_info    0x0000602c      0x2f9 src/spi_basic.o
 .debug_info    0x00006325      0x9ec src/timeout.o
 .debug_info    0x00006d11      0x6a5 src/usart_basic.o
 .debug_info    0x000073b6      0xa69 winc/bsp/source/nm_bsp_mega.o
 .debug_info    0x00007e1f      0x9f9 winc/bus_wrapper/source/nm_bus_wrapper_mega.o
 .debug_info    0x00008818     0x36e5 winc/driver/source/m2m_wifi.o
 .debug_info    0x0000befd     0x11d2 winc/driver/source/nmasic.o
 .debug_info    0x0000d0cf      0x5ca winc/driver/source/nmbus.o
 .debug_info    0x0000d699      0x7c9 winc/driver/source/nmdrv.o
 .debug_info    0x0000de62     0x12f3 winc/driver/source/nmspi.o

.debug_abbrev   0x00000000     0x46d2
 *(.debug_abbrev)
 .debug_abbrev  0x00000000     0x215e C:/Program Files (x86)/Atmel/Studio/7.0/Packs/atmel/ATmega_DFP/1.2.272/gcc/dev/atmega4808/avrxmega3/crtatmega4808.o
 .debug_abbrev  0x0000215e      0x2f0 main.o
 .debug_abbrev  0x0000244e      0x1bc src/adc_basic.o
 .debug_abbrev  0x0000260a       0x51 src/bod.o
 .debug_abbrev  0x0000265b      0x105 src/clkctrl.o
 .debug_abbrev  0x00002760       0x51 src/cpuint.o
 .debug_abbrev  0x000027b1      0x1ee src/driver_init.o
 .debug_abbrev  0x0000299f      0x396 src/i2c_master.o
 .debug_abbrev  0x00002d35       0x14 src/protected_io.o
 .debug_abbrev  0x00002d49       0x51 src/slpctrl.o
 .debug_abbrev  0x00002d9a      0x164 src/spi_basic.o
 .debug_abbrev  0x00002efe      0x36a src/timeout.o
 .debug_abbrev  0x00003268      0x2eb src/usart_basic.o
 .debug_abbrev  0x00003553      0x2a2 winc/bsp/source/nm_bsp_mega.o
 .debug_abbrev  0x000037f5      0x28d winc/bus_wrapper/source/nm_bus_wrapper_mega.o
 .debug_abbrev  0x00003a82      0x2fb winc/driver/source/m2m_wifi.o
 .debug_abbrev  0x00003d7d      0x29b winc/driver/source/nmasic.o
 .debug_abbrev  0x00004018      0x1e5 winc/driver/source/nmbus.o
 .debug_abbrev  0x000041fd      0x1b6 winc/driver/source/nmdrv.o
 .debug_abbrev  0x000043b3      0x31f winc/driver/source/nmspi.o

.debug_line     0x00000000     0x4b4e
 *(.debug_line .debug_line.* .debug_line_end)
 .debug_line    0x00000000      0x16f C:/Program Files (x86)/Atmel/Studio/7.0/Packs/atmel/ATmega_DFP/1.2.272/gcc/dev/atmega4808/avrxmega3/crtatmega4808.o
 .debug_line    0x0000016f      0x662 main.o
 .debug_line    0x000007d1      0x20f src/adc_basic.o
 .debug_line    0x000009e0       0xa2 src/bod.o
 .debug_line    0x00000a82      0x136 src/clkctrl.o
 .debug_line    0x00000bb8       0xab src/cpuint.o
 .debug_line    0x00000c63      0x42d src/driver_init.o
 .debug_line    0x00001090      0x7bb src/i2c_master.o
 .debug_line    0x0000184b       0x5b src/protected_io.o
 .debug_line    0x000018a6       0xa6 src/slpctrl.o
 .debug_line    0x0000194c      0x21c src/spi_basic.o
 .debug_line    0x00001b68      0x4d2 src/timeout.o
 .debug_line    0x0000203a      0x3cd src/usart_basic.o
 .debug_line    0x00002407      0x335 winc/bsp/source/nm_bsp_mega.o
 .debug_line    0x0000273c      0x2f4 winc/bus_wrapper/source/nm_bus_wrapper_mega.o
 .debug_line    0x00002a30      0xd12 winc/driver/source/m2m_wifi.o
 .debug_line    0x00003742      0x6e6 winc/driver/source/nmasic.o
 .debug_line    0x00003e28      0x1c4 winc/driver/source/nmbus.o
 .debug_line    0x00003fec      0x3e6 winc/driver/source/nmdrv.o
 .debug_line    0x000043d2      0x77c winc/driver/source/nmspi.o

.debug_frame    0x00000000     0x1e10
 *(.debug_frame)
 .debug_frame   0x00000000       0xec main.o
 .debug_frame   0x000000ec       0x94 src/adc_basic.o
 .debug_frame   0x00000180       0x24 src/bod.o
 .debug_frame   0x000001a4       0x24 src/clkctrl.o
 .debug_frame   0x000001c8       0x24 src/cpuint.o
 .debug_frame   0x000001ec       0x74 src/driver_init.o
 .debug_frame   0x00000260      0x2ac src/i2c_master.o
 .debug_frame   0x0000050c       0x24 src/slpctrl.o
 .debug_frame   0x00000530       0x84 src/spi_basic.o
 .debug_frame   0x000005b4      0x224 src/timeout.o
 .debug_frame   0x000007d8      0x1b4 src/usart_basic.o
 .debug_frame   0x0000098c       0xdc winc/bsp/source/nm_bsp_mega.o
 .debug_frame   0x00000a68       0x8c winc/bus_wrapper/source/nm_bus_wrapper_mega.o
 .debug_frame   0x00000af4      0xa28 winc/driver/source/m2m_wifi.o
 .debug_frame   0x0000151c      0x30c winc/driver/source/nmasic.o
 .debug_frame   0x00001828      0x164 winc/driver/source/nmbus.o
 .debug_frame   0x0000198c      0x110 winc/driver/source/nmdrv.o
 .debug_frame   0x00001a9c      0x374 winc/driver/source/nmspi.o

.debug_str      0x00000000     0x57b0
 *(.debug_str)
 .debug_str     0x00000000      0xf0e C:/Program Files (x86)/Atmel/Studio/7.0/Packs/atmel/ATmega_DFP/1.2.272/gcc/dev/atmega4808/avrxmega3/crtatmega4808.o
 .debug_str     0x00000f0e      0x632 main.o
                                0x6d9 (size before relaxing)
 .debug_str     0x00001540      0x427 src/adc_basic.o
                                0x656 (size before relaxing)
 .debug_str     0x00001967       0x16 src/bod.o
                                0x1cf (size before relaxing)
 .debug_str     0x0000197d      0x2c5 src/clkctrl.o
                                0x4e1 (size before relaxing)
 .debug_str     0x00001c42       0x1c src/cpuint.o
                                0x1d5 (size before relaxing)
 .debug_str     0x00001c5e      0x7dc src/driver_init.o
                                0xaa7 (size before relaxing)
 .debug_str     0x0000243a      0x71c src/i2c_master.o
                                0xa26 (size before relaxing)
 .debug_str     0x00002b56       0x11 src/slpctrl.o
                                0x1d7 (size before relaxing)
 .debug_str     0x00002b67      0x165 src/spi_basic.o
                                0x399 (size before relaxing)
 .debug_str     0x00002ccc      0x560 src/timeout.o
                                0x87b (size before relaxing)
 .debug_str     0x0000322c      0x222 src/usart_basic.o
                                0x53f (size before relaxing)
 .debug_str     0x0000344e      0x133 winc/bsp/source/nm_bsp_mega.o
                                0x73a (size before relaxing)
 .debug_str     0x00003581      0x13b winc/bus_wrapper/source/nm_bus_wrapper_mega.o
                                0x644 (size before relaxing)
 .debug_str     0x000036bc     0x1c0c winc/driver/source/m2m_wifi.o
                               0x1ea2 (size before relaxing)
 .debug_str     0x000052c8      0x1e9 winc/driver/source/nmasic.o
                                0x4ed (size before relaxing)
 .debug_str     0x000054b1      0x112 winc/driver/source/nmbus.o
                                0x37f (size before relaxing)
 .debug_str     0x000055c3       0xa9 winc/driver/source/nmdrv.o
                                0x4f2 (size before relaxing)
 .debug_str     0x0000566c      0x144 winc/driver/source/nmspi.o
                                0x46e (size before relaxing)

.debug_loc      0x00000000     0x81bb
 *(.debug_loc)
 .debug_loc     0x00000000      0x4e3 main.o
 .debug_loc     0x000004e3       0x89 src/adc_basic.o
 .debug_loc     0x0000056c       0x29 src/clkctrl.o
 .debug_loc     0x00000595      0x8de src/driver_init.o
 .debug_loc     0x00000e73      0x51e src/i2c_master.o
 .debug_loc     0x00001391      0x121 src/spi_basic.o
 .debug_loc     0x000014b2      0x7d0 src/timeout.o
 .debug_loc     0x00001c82      0x271 src/usart_basic.o
 .debug_loc     0x00001ef3      0x390 winc/bsp/source/nm_bsp_mega.o
 .debug_loc     0x00002283      0x4be winc/bus_wrapper/source/nm_bus_wrapper_mega.o
 .debug_loc     0x00002741     0x2bfa winc/driver/source/m2m_wifi.o
 .debug_loc     0x0000533b      0xb84 winc/driver/source/nmasic.o
 .debug_loc     0x00005ebf      0x766 winc/driver/source/nmbus.o
 .debug_loc     0x00006625      0x5c5 winc/driver/source/nmdrv.o
 .debug_loc     0x00006bea     0x15d1 winc/driver/source/nmspi.o

.debug_macinfo
 *(.debug_macinfo)

.debug_weaknames
 *(.debug_weaknames)

.debug_funcnames
 *(.debug_funcnames)

.debug_typenames
 *(.debug_typenames)

.debug_varnames
 *(.debug_varnames)

.debug_pubtypes
 *(.debug_pubtypes)

.debug_ranges   0x00000000      0x7a8
 *(.debug_ranges)
 .debug_ranges  0x00000000       0x58 main.o
 .debug_ranges  0x00000058       0x48 src/adc_basic.o
 .debug_ranges  0x000000a0       0x10 src/bod.o
 .debug_ranges  0x000000b0       0x10 src/clkctrl.o
 .debug_ranges  0x000000c0       0x10 src/cpuint.o
 .debug_ranges  0x000000d0       0x38 src/driver_init.o
 .debug_ranges  0x00000108      0x128 src/i2c_master.o
 .debug_ranges  0x00000230       0x10 src/slpctrl.o
 .debug_ranges  0x00000240       0x40 src/spi_basic.o
 .debug_ranges  0x00000280       0x88 src/timeout.o
 .debug_ranges  0x00000308       0x90 src/usart_basic.o
 .debug_ranges  0x00000398       0x48 winc/bsp/source/nm_bsp_mega.o
 .debug_ranges  0x000003e0       0x28 winc/bus_wrapper/source/nm_bus_wrapper_mega.o
 .debug_ranges  0x00000408      0x1b0 winc/driver/source/m2m_wifi.o
 .debug_ranges  0x000005b8       0xa0 winc/driver/source/nmasic.o
 .debug_ranges  0x00000658       0x80 winc/driver/source/nmbus.o
 .debug_ranges  0x000006d8       0x38 winc/driver/source/nmdrv.o
 .debug_ranges  0x00000710       0x98 winc/driver/source/nmspi.o

.debug_macro
 *(.debug_macro)
OUTPUT(atmega4808_xplained_pro_serial_bridge.elf elf32-avr)
LOAD linker stubs
